Component: ARM Compiler 5.05 update 1 (build 106) Tool: armlink [4d0efa]

==============================================================================

Section Cross References

    startup_stm32f10x_hd.o(STACK) refers (Special) to heapauxi.o(.text) for __use_two_region_memory
    startup_stm32f10x_hd.o(HEAP) refers (Special) to heapauxi.o(.text) for __use_two_region_memory
    startup_stm32f10x_hd.o(RESET) refers (Special) to heapauxi.o(.text) for __use_two_region_memory
    startup_stm32f10x_hd.o(RESET) refers to startup_stm32f10x_hd.o(STACK) for __initial_sp
    startup_stm32f10x_hd.o(RESET) refers to startup_stm32f10x_hd.o(.text) for Reset_Handler
    startup_stm32f10x_hd.o(RESET) refers to stm32f10x_it.o(i.NMI_Handler) for NMI_Handler
    startup_stm32f10x_hd.o(RESET) refers to stm32f10x_it.o(i.HardFault_Handler) for HardFault_Handler
    startup_stm32f10x_hd.o(RESET) refers to stm32f10x_it.o(i.MemManage_Handler) for MemManage_Handler
    startup_stm32f10x_hd.o(RESET) refers to stm32f10x_it.o(i.BusFault_Handler) for BusFault_Handler
    startup_stm32f10x_hd.o(RESET) refers to stm32f10x_it.o(i.UsageFault_Handler) for UsageFault_Handler
    startup_stm32f10x_hd.o(RESET) refers to stm32f10x_it.o(i.SVC_Handler) for SVC_Handler
    startup_stm32f10x_hd.o(RESET) refers to stm32f10x_it.o(i.DebugMon_Handler) for DebugMon_Handler
    startup_stm32f10x_hd.o(RESET) refers to stm32f10x_it.o(i.PendSV_Handler) for PendSV_Handler
    startup_stm32f10x_hd.o(RESET) refers to stm32f10x_it.o(i.SysTick_Handler) for SysTick_Handler
    startup_stm32f10x_hd.o(RESET) refers to usart2.o(i.TIM4_IRQHandler) for TIM4_IRQHandler
    startup_stm32f10x_hd.o(RESET) refers to usart.o(i.USART1_IRQHandler) for USART1_IRQHandler
    startup_stm32f10x_hd.o(RESET) refers to usart2.o(i.USART2_IRQHandler) for USART2_IRQHandler
    startup_stm32f10x_hd.o(.text) refers (Special) to heapauxi.o(.text) for __use_two_region_memory
    startup_stm32f10x_hd.o(.text) refers to system_stm32f10x.o(i.SystemInit) for SystemInit
    startup_stm32f10x_hd.o(.text) refers to __main.o(!!!main) for __main
    startup_stm32f10x_hd.o(.text) refers to startup_stm32f10x_hd.o(HEAP) for Heap_Mem
    startup_stm32f10x_hd.o(.text) refers to startup_stm32f10x_hd.o(STACK) for Stack_Mem
    key.o(i.KEY_Init) refers to stm32f10x_rcc.o(i.RCC_APB2PeriphClockCmd) for RCC_APB2PeriphClockCmd
    key.o(i.KEY_Init) refers to stm32f10x_gpio.o(i.GPIO_PinRemapConfig) for GPIO_PinRemapConfig
    key.o(i.KEY_Init) refers to stm32f10x_gpio.o(i.GPIO_Init) for GPIO_Init
    key.o(i.KEY_Scan) refers to stm32f10x_gpio.o(i.GPIO_ReadInputDataBit) for GPIO_ReadInputDataBit
    key.o(i.KEY_Scan) refers to delay.o(i.delay_ms) for delay_ms
    key.o(i.KEY_Scan) refers to key.o(.data) for key_up
    led.o(i.LED_Init) refers to stm32f10x_rcc.o(i.RCC_APB2PeriphClockCmd) for RCC_APB2PeriphClockCmd
    led.o(i.LED_Init) refers to stm32f10x_gpio.o(i.GPIO_Init) for GPIO_Init
    led.o(i.LED_Init) refers to stm32f10x_gpio.o(i.GPIO_SetBits) for GPIO_SetBits
    usart2.o(i.TIM4_IRQHandler) refers to stm32f10x_tim.o(i.TIM_GetITStatus) for TIM_GetITStatus
    usart2.o(i.TIM4_IRQHandler) refers to stm32f10x_tim.o(i.TIM_ClearITPendingBit) for TIM_ClearITPendingBit
    usart2.o(i.TIM4_IRQHandler) refers to usart2.o(i.TIM4_Set) for TIM4_Set
    usart2.o(i.TIM4_IRQHandler) refers to usart2.o(.data) for USART2_RX_STA
    usart2.o(i.TIM4_Init) refers to stm32f10x_rcc.o(i.RCC_APB1PeriphClockCmd) for RCC_APB1PeriphClockCmd
    usart2.o(i.TIM4_Init) refers to stm32f10x_tim.o(i.TIM_TimeBaseInit) for TIM_TimeBaseInit
    usart2.o(i.TIM4_Init) refers to stm32f10x_tim.o(i.TIM_ITConfig) for TIM_ITConfig
    usart2.o(i.TIM4_Init) refers to misc.o(i.NVIC_Init) for NVIC_Init
    usart2.o(i.TIM4_Set) refers to stm32f10x_tim.o(i.TIM_SetCounter) for TIM_SetCounter
    usart2.o(i.TIM4_Set) refers to stm32f10x_tim.o(i.TIM_Cmd) for TIM_Cmd
    usart2.o(i.UART_DMA_Config) refers to stm32f10x_rcc.o(i.RCC_AHBPeriphClockCmd) for RCC_AHBPeriphClockCmd
    usart2.o(i.UART_DMA_Config) refers to stm32f10x_dma.o(i.DMA_DeInit) for DMA_DeInit
    usart2.o(i.UART_DMA_Config) refers to stm32f10x_dma.o(i.DMA_Init) for DMA_Init
    usart2.o(i.UART_DMA_Enable) refers to stm32f10x_dma.o(i.DMA_Cmd) for DMA_Cmd
    usart2.o(i.UART_DMA_Enable) refers to stm32f10x_dma.o(i.DMA_SetCurrDataCounter) for DMA_SetCurrDataCounter
    usart2.o(i.USART2_IRQHandler) refers to stm32f10x_usart.o(i.USART_GetITStatus) for USART_GetITStatus
    usart2.o(i.USART2_IRQHandler) refers to stm32f10x_usart.o(i.USART_ReceiveData) for USART_ReceiveData
    usart2.o(i.USART2_IRQHandler) refers to stm32f10x_tim.o(i.TIM_SetCounter) for TIM_SetCounter
    usart2.o(i.USART2_IRQHandler) refers to usart2.o(i.TIM4_Set) for TIM4_Set
    usart2.o(i.USART2_IRQHandler) refers to usart2.o(.data) for USART2_RX_STA
    usart2.o(i.USART2_IRQHandler) refers to usart2.o(.bss) for USART2_RX_BUF
[...]
    .ARM.Collect$$_printf_percent$$00000007  0x080001c8   Section       10  _printf_ll.o(.ARM.Collect$$_printf_percent$$00000007)
    .ARM.Collect$$_printf_percent$$00000008  0x080001d2   Section        6  _printf_i.o(.ARM.Collect$$_printf_percent$$00000008)
    .ARM.Collect$$_printf_percent$$00000009  0x080001d8   Section        6  _printf_d.o(.ARM.Collect$$_printf_percent$$00000009)
    .ARM.Collect$$_printf_percent$$0000000A  0x080001de   Section        6  _printf_u.o(.ARM.Collect$$_printf_percent$$0000000A)
    .ARM.Collect$$_printf_percent$$0000000B  0x080001e4   Section        6  _printf_o.o(.ARM.Collect$$_printf_percent$$0000000B)
    .ARM.Collect$$_printf_percent$$0000000C  0x080001ea   Section        6  _printf_x.o(.ARM.Collect$$_printf_percent$$0000000C)
    .ARM.Collect$$_printf_percent$$0000000D  0x080001f0   Section        6  _printf_lli.o(.ARM.Collect$$_printf_percent$$0000000D)
    .ARM.Collect$$_printf_percent$$0000000E  0x080001f6   Section        6  _printf_lld.o(.ARM.Collect$$_printf_percent$$0000000E)
    .ARM.Collect$$_printf_percent$$0000000F  0x080001fc   Section        6  _printf_llu.o(.ARM.Collect$$_printf_percent$$0000000F)
    .ARM.Collect$$_printf_percent$$00000010  0x08000202   Section        6  _printf_llo.o(.ARM.Collect$$_printf_percent$$00000010)
    .ARM.Collect$$_printf_percent$$00000011  0x08000208   Section        6  _printf_llx.o(.ARM.Collect$$_printf_percent$$00000011)
    .ARM.Collect$$_printf_percent$$00000012  0x0800020e   Section       10  _printf_l.o(.ARM.Collect$$_printf_percent$$00000012)
    .ARM.Collect$$_printf_percent$$00000013  0x08000218   Section        6  _printf_c.o(.ARM.Collect$$_printf_percent$$00000013)
    .ARM.Collect$$_printf_percent$$00000014  0x0800021e   Section        6  _printf_s.o(.ARM.Collect$$_printf_percent$$00000014)
    .ARM.Collect$$_printf_percent$$00000015  0x08000224   Section        6  _printf_lc.o(.ARM.Collect$$_printf_percent$$00000015)
    .ARM.Collect$$_printf_percent$$00000016  0x0800022a   Section        6  _printf_ls.o(.ARM.Collect$$_printf_percent$$00000016)
    .ARM.Collect$$_printf_percent$$00000017  0x08000230   Section        4  _printf_percent_end.o(.ARM.Collect$$_printf_percent$$00000017)
    .ARM.Collect$$libinit$$00000000          0x08000234   Section        2  libinit.o(.ARM.Collect$$libinit$$00000000)
    .ARM.Collect$$libinit$$00000002          0x08000236   Section        0  libinit2.o(.ARM.Collect$$libinit$$00000002)
    .ARM.Collect$$libinit$$00000004          0x08000236   Section        0  libinit2.o(.ARM.Collect$$libinit$$00000004)
    .ARM.Collect$$libinit$$0000000A          0x08000236   Section        0  libinit2.o(.ARM.Collect$$libinit$$0000000A)
    .ARM.Collect$$libinit$$0000000C          0x08000236   Section        0  libinit2.o(.ARM.Collect$$libinit$$0000000C)
    .ARM.Collect$$libinit$$0000000E          0x08000236   Section        0  libinit2.o(.ARM.Collect$$libinit$$0000000E)
    .ARM.Collect$$libinit$$0000000F          0x08000236   Section        6  libinit2.o(.ARM.Collect$$libinit$$0000000F)
    .ARM.Collect$$libinit$$00000011          0x0800023c   Section        0  libinit2.o(.ARM.Collect$$libinit$$00000011)
    .ARM.Collect$$libinit$$00000012          0x0800023c   Section       12  libinit2.o(.ARM.Collect$$libinit$$00000012)
    .ARM.Collect$$libinit$$00000013          0x08000248   Section        0  libinit2.o(.ARM.Collect$$libinit$$00000013)
    .ARM.Collect$$libinit$$00000015          0x08000248   Section        0  libinit2.o(.ARM.Collect$$libinit$$00000015)
    .ARM.Collect$$libinit$$00000016          0x08000248   Section       10  libinit2.o(.ARM.Collect$$libinit$$00000016)
    .ARM.Collect$$libinit$$00000017          0x08000252   Section        0  libinit2.o(.ARM.Collect$$libinit$$00000017)
    .ARM.Collect$$libinit$$00000019          0x08000252   Section        0  libinit2.o(.ARM.Collect$$libinit$$00000019)
    .ARM.Collect$$libinit$$0000001B          0x08000252   Section        0  libinit2.o(.ARM.Collect$$libinit$$0000001B)
    .ARM.Collect$$libinit$$0000001D          0x08000252   Section        0  libinit2.o(.ARM.Collect$$libinit$$0000001D)
    .ARM.Collect$$libinit$$0000001F          0x08000252   Section        0  libinit2.o(.ARM.Collect$$libinit$$0000001F)
    .ARM.Collect$$libinit$$00000021          0x08000252   Section        0  libinit2.o(.ARM.Collect$$libinit$$00000021)
    .ARM.Collect$$libinit$$00000023          0x08000252   Section        0  libinit2.o(.ARM.Collect$$libinit$$00000023)
    .ARM.Collect$$libinit$$00000025          0x08000252   Section        0  libinit2.o(.ARM.Collect$$libinit$$00000025)
    .ARM.Collect$$libinit$$0000002C          0x08000252   Section        0  libinit2.o(.ARM.Collect$$libinit$$0000002C)
    .ARM.Collect$$libinit$$0000002E          0x08000252   Section        0  libinit2.o(.ARM.Collect$$libinit$$0000002E)
    .ARM.Collect$$libinit$$00000030          0x08000252   Section        0  libinit2.o(.ARM.Collect$$libinit$$00000030)
    .ARM.Collect$$libinit$$00000032          0x08000252   Section        0  libinit2.o(.ARM.Collect$$libinit$$00000032)
    .ARM.Collect$$libinit$$00000033          0x08000252   Section        2  libinit2.o(.ARM.Collect$$libinit$$00000033)
    .ARM.Collect$$libshutdown$$00000000      0x08000254   Section        2  libshutdown.o(.ARM.Collect$$libshutdown$$00000000)
    .ARM.Collect$$libshutdown$$00000003      0x08000256   Section        0  libshutdown2.o(.ARM.Collect$$libshutdown$$00000003)
    .ARM.Collect$$libshutdown$$00000006      0x08000256   Section        0  libshutdown2.o(.ARM.Collect$$libshutdown$$00000006)
    .ARM.Collect$$libshutdown$$00000009      0x08000256   Section        0  libshutdown2.o(.ARM.Collect$$libshutdown$$00000009)
    .ARM.Collect$$libshutdown$$0000000B      0x08000256   Section        0  libshutdown2.o(.ARM.Collect$$libshutdown$$0000000B)
    .ARM.Collect$$libshutdown$$0000000E      0x08000256   Section        0  libshutdown2.o(.ARM.Collect$$libshutdown$$0000000E)
    .ARM.Collect$$libshutdown$$0000000F      0x08000256   Section        2  libshutdown2.o(.ARM.Collect$$libshutdown$$0000000F)
    .ARM.Collect$$rtentry$$00000000          0x08000258   Section        0  __rtentry.o(.ARM.Collect$$rtentry$$00000000)
    .ARM.Collect$$rtentry$$00000002          0x08000258   Section        0  __rtentry2.o(.ARM.Collect$$rtentry$$00000002)
    .ARM.Collect$$rtentry$$00000004          0x08000258   Section        6  __rtentry4.o(.ARM.Collect$$rtentry$$00000004)
    .ARM.Collect$$rtentry$$00000009          0x0800025e   Section        0  __rtentry2.o(.ARM.Collect$$rtentry$$00000009)
    .ARM.Collect$$rtentry$$0000000A          0x0800025e   Section        4  __rtentry2.o(.ARM.Collect$$rtentry$$0000000A)
    .ARM.Collect$$rtentry$$0000000C          0x08000262   Section        0  __rtentry2.o(.ARM.Collect$$rtentry$$0000000C)
    .ARM.Collect$$rtentry$$0000000D          0x08000262   Section        8  __rtentry2.o(.ARM.Collect$$rtentry$$0000000D)
    .ARM.Collect$$rtexit$$00000000           0x0800026a   Section        2  rtexit.o(.ARM.Collect$$rtexit$$00000000)
    .ARM.Collect$$rtexit$$00000002           0x0800026c   Section        0  rtexit2.o(.ARM.Collect$$rtexit$$00000002)
    .ARM.Collect$$rtexit$$00000003           0x0800026c   Section        4  rtexit2.o(.ARM.Collect$$rtexit$$00000003)
    .ARM.Collect$$rtexit$$00000004           0x08000270   Section        6  rtexit2.o(.ARM.Collect$$rtexit$$00000004)
    .text                                    0x08000278   Section       64  startup_stm32f10x_hd.o(.text)
    .text                                    0x080002b8   Section        2  use_no_semi_2.o(.text)
    .text                                    0x080002bc   Section        0  c89vsprintf.o(.text)
    .text                                    0x080002e0   Section        0  __2printf.o(.text)
    .text                                    0x080002f8   Section        0  __2sprintf.o(.text)
    .text                                    0x08000324   Section        0  _printf_str.o(.text)
    .text                                    0x08000378   Section        0  _printf_dec.o(.text)
    .text                                    0x080003f0   Section        0  __printf_flags_ss_wp.o(.text)
    .text                                    0x08000578   Section        0  strstr.o(.text)
    .text                                    0x0800059c   Section        0  strlen.o(.text)
    .text                                    0x080005da   Section        0  heapauxi.o(.text)
    .text                                    0x080005e0   Section        2  use_no_semi.o(.text)
    .text                                    0x080005e2   Section        0  _printf_pad.o(.text)
    .text                                    0x08000630   Section        0  _printf_truncate.o(.text)
    .text                                    0x08000654   Section        0  _printf_intcommon.o(.text)
    .text                                    0x08000706   Section        0  _printf_charcount.o(.text)
    .text                                    0x08000730   Section        0  _printf_char_common.o(.text)
    _printf_input_char                       0x08000731   Thumb Code    10  _printf_char_common.o(.text)
    .text                                    0x08000760   Section        0  _sputc.o(.text)
    .text                                    0x0800076a   Section        0  _printf_char.o(.text)
    .text                                    0x08000798   Section        0  _printf_char_file.o(.text)
    .text                                    0x080007bc   Section        0  _printf_wctomb.o(.text)
    .text                                    0x08000878   Section        0  _printf_longlong_dec.o(.text)
    .text                                    0x080008f4   Section        0  _printf_oct_int_ll.o(.text)
    _printf_longlong_oct_internal            0x080008f5   Thumb Code     0  _printf_oct_int_ll.o(.text)
    .text                                    0x08000964   Section        0  _printf_hex_int_ll_ptr.o(.text)
    _printf_hex_common                       0x08000965   Thumb Code     0  _printf_hex_int_ll_ptr.o(.text)
    .text                                    0x080009f8   Section      138  lludiv10.o(.text)
    .text                                    0x08000a82   Section        0  _printf_fp_dec.o(.text)
    _fp_digits                               0x08000a85   Thumb Code   428  _printf_fp_dec.o(.text)
    .text                                    0x08000e9c   Section        0  _printf_wchar.o(.text)
    .text                                    0x08000ec8   Section        0  ferror.o(.text)
    .text                                    0x08000ed0   Section        0  _wcrtomb.o(.text)
    .text                                    0x08000f10   Section       74  sys_stackheap_outer.o(.text)
    .text                                    0x08000f5c   Section       16  rt_ctype_table.o(.text)
    .text                                    0x08000f6c   Section        8  rt_locale_intlibspace.o(.text)
    .text                                    0x08000f74   Section        0  _printf_fp_infnan.o(.text)
    .text                                    0x08000ff4   Section        0  bigflt0.o(.text)
    .text                                    0x080010d0   Section        0  exit.o(.text)
    .text                                    0x080010dc   Section        8  libspace.o(.text)
    .text                                    0x080010e4   Section      128  strcmpv7m.o(.text)
    CL$$btod_d2e                             0x08001164   Section       62  btod.o(CL$$btod_d2e)
    CL$$btod_d2e_denorm_low                  0x080011a2   Section       70  btod.o(CL$$btod_d2e_denorm_low)
    CL$$btod_d2e_norm_op1                    0x080011e8   Section       96  btod.o(CL$$btod_d2e_norm_op1)
    CL$$btod_div_common                      0x08001248   Section      824  btod.o(CL$$btod_div_common)
    CL$$btod_e2e                             0x08001580   Section      198  btod.o(CL$$btod_e2e)
    CL$$btod_ediv                            0x08001646   Section       40  btod.o(CL$$btod_ediv)
    CL$$btod_emul                            0x0800166e   Section       40  btod.o(CL$$btod_emul)
    CL$$btod_mult_common                     0x08001696   Section      580  btod.o(CL$$btod_mult_common)
    i.BusFault_Handler                       0x080018da   Section        0  stm32f10x_it.o(i.BusFault_Handler)
    i.DMA_Cmd                                0x080018de   Section        0  stm32f10x_dma.o(i.DMA_Cmd)
    i.DMA_DeInit                             0x080018f8   Section        0  stm32f10x_dma.o(i.DMA_DeInit)
    i.DMA_GetCurrDataCounter                 0x08001a44   Section        0  stm32f10x_dma.o(i.DMA_GetCurrDataCounter)
    i.DMA_Init                               0x08001a4c   Section        0  stm32f10x_dma.o(i.DMA_Init)
    i.DMA_SetCurrDataCounter                 0x08001a88   Section        0  stm32f10x_dma.o(i.DMA_SetCurrDataCounter)
    i.DebugMon_Handler                       0x08001a8c   Section        0  stm32f10x_it.o(i.DebugMon_Handler)
    i.GPIO_Init                              0x08001a8e   Section        0  stm32f10x_gpio.o(i.GPIO_Init)
    i.GPIO_PinRemapConfig                    0x08001ba4   Section        0  stm32f10x_gpio.o(i.GPIO_PinRemapConfig)
    i.GPIO_ReadInputDataBit                  0x08001c34   Section        0  stm32f10x_gpio.o(i.GPIO_ReadInputDataBit)
    i.GPIO_SetBits                           0x08001c46   Section        0  stm32f10x_gpio.o(i.GPIO_SetBits)
    i.HardFault_Handler                      0x08001c4a   Section        0  stm32f10x_it.o(i.HardFault_Handler)
    i.KEY_Init                               0x08001c50   Section        0  key.o(i.KEY_Init)
    i.KEY_Scan                               0x08001cb0   Section        0  key.o(i.KEY_Scan)
    i.LED_Init                               0x08001d58   Section        0  led.o(i.LED_Init)
    i.MemManage_Handler                      0x08001da8   Section        0  stm32f10x_it.o(i.MemManage_Handler)
    i.NMI_Handler                            0x08001dac   Section        0  stm32f10x_it.o(i.NMI_Handler)
    i.NVIC_Init                              0x08001db0   Section        0  misc.o(i.NVIC_Init)
    i.NVIC_PriorityGroupConfig               0x08001e20   Section        0  misc.o(i.NVIC_PriorityGroupConfig)
    i.PendSV_Handler                         0x08001e34   Section        0  stm32f10x_it.o(i.PendSV_Handler)
    i.RCC_AHBPeriphClockCmd                  0x08001e38   Section        0  stm32f10x_rcc.o(i.RCC_AHBPeriphClockCmd)
    i.RCC_APB1PeriphClockCmd                 0x08001e58   Section        0  stm32f10x_rcc.o(i.RCC_APB1PeriphClockCmd)
    i.RCC_APB1PeriphResetCmd                 0x08001e78   Section        0  stm32f10x_rcc.o(i.RCC_APB1PeriphResetCmd)
    i.RCC_APB2PeriphClockCmd                 0x08001e98   Section        0  stm32f10x_rcc.o(i.RCC_APB2PeriphClockCmd)
    i.RCC_APB2PeriphResetCmd                 0x08001eb8   Section        0  stm32f10x_rcc.o(i.RCC_APB2PeriphResetCmd)
    i.RCC_GetClocksFreq                      0x08001ed8   Section        0  stm32f10x_rcc.o(i.RCC_GetClocksFreq)
    i.SVC_Handler                            0x08001fac   Section        0  stm32f10x_it.o(i.SVC_Handler)
    i.SetSysClock                            0x08001fae   Section        0  system_stm32f10x.o(i.SetSysClock)
    SetSysClock                              0x08001faf   Thumb Code     8  system_stm32f10x.o(i.SetSysClock)
    i.SetSysClockTo72                        0x08001fb8   Section        0  system_stm32f10x.o(i.SetSysClockTo72)
    SetSysClockTo72                          0x08001fb9   Thumb Code   214  system_stm32f10x.o(i.SetSysClockTo72)
    i.SysTick_CLKSourceConfig                0x08002098   Section        0  misc.o(i.SysTick_CLKSourceConfig)
    i.SysTick_Handler                        0x080020c0   Section        0  stm32f10x_it.o(i.SysTick_Handler)
    i.SystemInit                             0x080020c4   Section        0  system_stm32f10x.o(i.SystemInit)
    i.TIM4_IRQHandler                        0x08002124   Section        0  usart2.o(i.TIM4_IRQHandler)
    i.TIM4_Init                              0x08002154   Section        0  usart2.o(i.TIM4_Init)
    i.TIM4_Set                               0x080021ac   Section        0  usart2.o(i.TIM4_Set)
    i.TIM_ClearITPendingBit                  0x080021d4   Section        0  stm32f10x_tim.o(i.TIM_ClearITPendingBit)
    i.TIM_Cmd                                0x080021da   Section        0  stm32f10x_tim.o(i.TIM_Cmd)
    i.TIM_GetITStatus                        0x080021f2   Section        0  stm32f10x_tim.o(i.TIM_GetITStatus)
    i.TIM_ITConfig                           0x08002214   Section        0  stm32f10x_tim.o(i.TIM_ITConfig)
    i.TIM_SetCounter                         0x08002226   Section        0  stm32f10x_tim.o(i.TIM_SetCounter)
    i.TIM_TimeBaseInit                       0x0800222c   Section        0  stm32f10x_tim.o(i.TIM_TimeBaseInit)
    i.UART_DMA_Config                        0x080022d0   Section        0  usart2.o(i.UART_DMA_Config)
    i.UART_DMA_Enable                        0x08002318   Section        0  usart2.o(i.UART_DMA_Enable)
    i.USART1_IRQHandler                      0x08002338   Section        0  usart.o(i.USART1_IRQHandler)
    i.USART2_IRQHandler                      0x080023c0   Section        0  usart2.o(i.USART2_IRQHandler)
    i.USART2_Init                            0x08002424   Section        0  usart2.o(i.USART2_Init)
    i.USART_Cmd                              0x08002508   Section        0  stm32f10x_usart.o(i.USART_Cmd)
    i.USART_DMACmd                           0x08002520   Section        0  stm32f10x_usart.o(i.USART_DMACmd)
    i.USART_DeInit                           0x08002534   Section        0  stm32f10x_usart.o(i.USART_DeInit)
    i.USART_GetITStatus                      0x080025d0   Section        0  stm32f10x_usart.o(i.USART_GetITStatus)
    i.USART_ITConfig                         0x08002624   Section        0  stm32f10x_usart.o(i.USART_ITConfig)
    i.USART_Init                             0x08002670   Section        0  stm32f10x_usart.o(i.USART_Init)
    i.USART_ReceiveData                      0x08002748   Section        0  stm32f10x_usart.o(i.USART_ReceiveData)
    i.UsageFault_Handler                     0x08002752   Section        0  stm32f10x_it.o(i.UsageFault_Handler)
    i.__ARM_fpclassify                       0x08002756   Section        0  fpclassify.o(i.__ARM_fpclassify)
    i._is_digit                              0x0800277e   Section        0  __printf_wp.o(i._is_digit)
    i._sys_exit                              0x0800278c   Section        0  usart.o(i._sys_exit)
    i.atk_8266_at_response                   0x08002794   Section        0  common.o(i.atk_8266_at_response)
    i.atk_8266_check_cmd                     0x080027d0   Section        0  common.o(i.atk_8266_check_cmd)
    i.atk_8266_consta_check                  0x08002804   Section        0  common.o(i.atk_8266_consta_check)
    i.atk_8266_quit_trans                    0x08002848   Section        0  common.o(i.atk_8266_quit_trans)
    i.atk_8266_send_cmd                      0x080028b8   Section        0  common.o(i.atk_8266_send_cmd)
    i.atk_8266_test                          0x0800292c   Section        0  common.o(i.atk_8266_test)
    i.atk_8266_wifista_test                  0x08002aa4   Section        0  wifista.o(i.atk_8266_wifista_test)
    i.delay_init                             0x08002d7c   Section        0  delay.o(i.delay_init)
    i.delay_ms                               0x08002dc0   Section        0  delay.o(i.delay_ms)
    i.fputc                                  0x08002e0c   Section        0  usart.o(i.fputc)
    i.main                                   0x08002e28   Section        0  main.o(i.main)
    i.mem_free                               0x08002e7c   Section        0  malloc.o(i.mem_free)
    i.mem_init                               0x08002ec4   Section        0  malloc.o(i.mem_init)
    i.mem_malloc                             0x08002ef0   Section        0  malloc.o(i.mem_malloc)
    i.mem_perused                            0x08002f68   Section        0  malloc.o(i.mem_perused)
    i.myfree                                 0x08002f98   Section        0  malloc.o(i.myfree)
    i.mymalloc                               0x08002fb4   Section        0  malloc.o(i.mymalloc)
    i.mymemset                               0x08002fd4   Section        0  malloc.o(i.mymemset)
    i.u2_printf                              0x08002fe8   Section        0  usart2.o(i.u2_printf)
    i.uart_init                              0x08003028   Section        0  usart.o(i.uart_init)
    locale$$code                             0x080030c8   Section       44  lc_numeric_c.o(locale$$code)
    locale$$code                             0x080030f4   Section       44  lc_ctype_c.o(locale$$code)
    x$fpl$printf1                            0x08003120   Section        4  printf1.o(x$fpl$printf1)
    .constdata                               0x08003124   Section       16  wifista.o(.constdata)
    x$fpl$usenofp                            0x08003124   Section        0  usenofp.o(x$fpl$usenofp)
    .constdata                               0x08003134   Section       17  __printf_flags_ss_wp.o(.constdata)
    maptable                                 0x08003134   Data          17  __printf_flags_ss_wp.o(.constdata)
    .constdata                               0x08003148   Section        8  _printf_wctomb.o(.constdata)
    initial_mbstate                          0x08003148   Data           8  _printf_wctomb.o(.constdata)
    .constdata                               0x08003150   Section       40  _printf_hex_int_ll_ptr.o(.constdata)
    uc_hextab                                0x08003150   Data          20  _printf_hex_int_ll_ptr.o(.constdata)
    lc_hextab                                0x08003164   Data          20  _printf_hex_int_ll_ptr.o(.constdata)
    .constdata                               0x08003178   Section      148  bigflt0.o(.constdata)
    tenpwrs_x                                0x08003178   Data          60  bigflt0.o(.constdata)
    tenpwrs_i                                0x080031b4   Data          64  bigflt0.o(.constdata)
    .conststring                             0x0800320c   Section      170  common.o(.conststring)
    locale$$data                             0x080032d8   Section       28  lc_numeric_c.o(locale$$data)
    __lcnum_c_name                           0x080032dc   Data           2  lc_numeric_c.o(locale$$data)
    __lcnum_c_start                          0x080032e4   Data           0  lc_numeric_c.o(locale$$data)
    __lcnum_c_point                          0x080032f0   Data           0  lc_numeric_c.o(locale$$data)
    __lcnum_c_thousands                      0x080032f2   Data           0  lc_numeric_c.o(locale$$data)
    __lcnum_c_grouping                       0x080032f3   Data           0  lc_numeric_c.o(locale$$data)
    locale$$data                             0x080032f4   Section      272  lc_ctype_c.o(locale$$data)
    __lcnum_c_end                            0x080032f4   Data           0  lc_numeric_c.o(locale$$data)
    __lcctype_c_name                         0x080032f8   Data           2  lc_ctype_c.o(locale$$data)
    __lcctype_c_start                        0x08003300   Data           0  lc_ctype_c.o(locale$$data)
    __lcctype_c_end                          0x08003404   Data           0  lc_ctype_c.o(locale$$data)
    .data                                    0x20000000   Section        1  key.o(.data)
    key_up                                   0x20000000   Data           1  key.o(.data)
    .data                                    0x20000002   Section        2  usart2.o(.data)
    .data                                    0x20000004   Section       20  stm32f10x_rcc.o(.data)
    APBAHBPrescTable                         0x20000004   Data          16  stm32f10x_rcc.o(.data)
    ADCPrescTable                            0x20000014   Data           4  stm32f10x_rcc.o(.data)
    .data                                    0x20000018   Section        4  delay.o(.data)
    fac_us                                   0x20000018   Data           1  delay.o(.data)
    fac_ms                                   0x2000001a   Data           2  delay.o(.data)
    .data                                    0x2000001c   Section        6  usart.o(.data)
    .data                                    0x20000024   Section       20  system_stm32f10x.o(.data)
    .data                                    0x20000038   Section       72  common.o(.data)
    .data                                    0x20000080   Section        1  wifista.o(.data)
    .data                                    0x20000084   Section       20  malloc.o(.data)
    .bss                                     0x20000098   Section     2048  usart2.o(.bss)
    .bss                                     0x20000898   Section      200  usart.o(.bss)
    .bss                                     0x20000960   Section    38080  malloc.o(.bss)
    .bss                                     0x20009e20   Section       96  libspace.o(.bss)
    HEAP                                     0x20009e80   Section      512  startup_stm32f10x_hd.o(HEAP)
    Heap_Mem                                 0x20009e80   Data         512  startup_stm32f10x_hd.o(HEAP)
    STACK                                    0x2000a080   Section     1024  startup_stm32f10x_hd.o(STACK)
    Stack_Mem                                0x2000a080   Data        1024  startup_stm32f10x_hd.o(STACK)
    __initial_sp                             0x2000a480   Data           0  startup_stm32f10x_hd.o(STACK)

    Global Symbols

    Symbol Name                              Value     Ov Type        Size  Object(Section)

    BuildAttributes$$THM_ISAv4$P$D$K$B$S$PE$A:L22UL41UL21$X:L11$S22US41US21$IEEE1$IW$USESV6$~STKCKD$USESV7$~SHL$OTIME$ROPI$IEEEJ$EBA8$UX$STANDARDLIB$REQ8$PRES8$EABIv2 0x00000000   Number         0  anon$$obj.o ABSOLUTE
    __ARM_use_no_argv                        0x00000000   Number         0  main.o ABSOLUTE
    _printf_flags                            0x00000000   Number         0  printf_stubs.o ABSOLUTE
    _printf_return_value                     0x00000000   Number         0  printf_stubs.o ABSOLUTE
    _printf_sizespec                         0x00000000   Number         0  printf_stubs.o ABSOLUTE
    _printf_widthprec                        0x00000000   Number         0  printf_stubs.o ABSOLUTE
    __ARM_exceptions_init                     - Undefined Weak Reference
    __alloca_initialize                       - Undefined Weak Reference
    __arm_preinit_                            - Undefined Weak Reference
    __cpp_initialize__aeabi_                  - Undefined Weak Reference
    __cxa_finalize                            - Undefined Weak Reference
    __sigvec_lookup                           - Undefined Weak Reference
    _atexit_init                              - Undefined Weak Reference
    _call_atexit_fns                          - Undefined Weak Reference
    _clock_init                               - Undefined Weak Reference
    _fp_trap_init                             - Undefined Weak Reference
    _fp_trap_shutdown                         - Undefined Weak Reference
    _get_lc_collate                           - Undefined Weak Reference
    _get_lc_monetary                          - Undefined Weak Reference
    _get_lc_time                              - Undefined Weak Reference
    _getenv_init                              - Undefined Weak Reference
    _handle_redirection                       - Undefined Weak Reference
    _init_alloc                               - Undefined Weak Reference
    _init_user_alloc                          - Undefined Weak Reference
    _initio                                   - Undefined Weak Reference
    _mutex_acquire                            - Undefined Weak Reference
    _mutex_release                            - Undefined Weak Reference
    _printf_fp_hex                            - Undefined Weak Reference
    _printf_mbtowc                            - Undefined Weak Reference
    _printf_wc                                - Undefined Weak Reference
    _rand_init                                - Undefined Weak Reference
    _signal_finish                            - Undefined Weak Reference
    _signal_init                              - Undefined Weak Reference
    _terminate_alloc                          - Undefined Weak Reference
    _terminate_user_alloc                     - Undefined Weak Reference
    _terminateio                              - Undefined Weak Reference
    __Vectors_Size                           0x00000130   Number         0  startup_stm32f10x_hd.o ABSOLUTE
    __Vectors                                0x08000000   Data           4  startup_stm32f10x_hd.o(RESET)
    __Vectors_End                            0x08000130   Data           0  startup_stm32f10x_hd.o(RESET)
    __main                                   0x08000131   Thumb Code     8  __main.o(!!!main)
    __scatterload                            0x08000139   Thumb Code     0  __scatter.o(!!!scatter)
    __scatterload_rt2                        0x08000139   Thumb Code    44  __scatter.o(!!!scatter)
    __scatterload_rt2_thumb_only             0x08000139   Thumb Code     0  __scatter.o(!!!scatter)
    __scatterload_null                       0x08000147   Thumb Code     0  __scatter.o(!!!scatter)
    __scatterload_copy                       0x0800016d   Thumb Code    26  __scatter_copy.o(!!handler_copy)
    __scatterload_zeroinit                   0x08000189   Thumb Code    28  __scatter_zi.o(!!handler_zi)
    _printf_n                                0x080001a5   Thumb Code     0  _printf_n.o(.ARM.Collect$$_printf_percent$$00000001)
    _printf_percent                          0x080001a5   Thumb Code     0  _printf_percent.o(.ARM.Collect$$_printf_percent$$00000000)
    _printf_p                                0x080001ab   Thumb Code     0  _printf_p.o(.ARM.Collect$$_printf_percent$$00000002)
    _printf_f                                0x080001b1   Thumb Code     0  _printf_f.o(.ARM.Collect$$_printf_percent$$00000003)
    _printf_e                                0x080001b7   Thumb Code     0  _printf_e.o(.ARM.Collect$$_printf_percent$$00000004)
    _printf_g                                0x080001bd   Thumb Code     0  _printf_g.o(.ARM.Collect$$_printf_percent$$00000005)
    _printf_a                                0x080001c3   Thumb Code     0  _printf_a.o(.ARM.Collect$$_printf_percent$$00000006)
    _printf_ll                               0x080001c9   Thumb Code     0  _printf_ll.o(.ARM.Collect$$_printf_percent$$00000007)
    _printf_i                                0x080001d3   Thumb Code     0  _printf_i.o(.ARM.Collect$$_printf_percent$$00000008)
    _printf_d                                0x080001d9   Thumb Code     0  _printf_d.o(.ARM.Collect$$_printf_percent$$00000009)
    _printf_u                                0x080001df   Thumb Code     0  _printf_u.o(.ARM.Collect$$_printf_percent$$0000000A)
    _printf_o                                0x080001e5   Thumb Code     0  _printf_o.o(.ARM.Collect$$_printf_percent$$0000000B)
    _printf_x                                0x080001eb   Thumb Code     0  _printf_x.o(.ARM.Collect$$_printf_percent$$0000000C)
    _printf_lli                              0x080001f1   Thumb Code     0  _printf_lli.o(.ARM.Collect$$_printf_percent$$0000000D)
    _printf_lld                              0x080001f7   Thumb Code     0  _printf_lld.o(.ARM.Collect$$_printf_percent$$0000000E)
    _printf_llu                              0x080001fd   Thumb Code     0  _printf_llu.o(.ARM.Collect$$_printf_percent$$0000000F)
    _printf_llo                              0x08000203   Thumb Code     0  _printf_llo.o(.ARM.Collect$$_printf_percent$$00000010)
    _printf_llx                              0x08000209   Thumb Code     0  _printf_llx.o(.ARM.Collect$$_printf_percent$$00000011)
    _printf_l                                0x0800020f   Thumb Code     0  _printf_l.o(.ARM.Collect$$_printf_percent$$00000012)
    _printf_c                                0x08000219   Thumb Code     0  _printf_c.o(.ARM.Collect$$_printf_percent$$00000013)
    _printf_s                                0x0800021f   Thumb Code     0  _printf_s.o(.ARM.Collect$$_printf_percent$$00000014)
    _printf_lc                               0x08000225   Thumb Code     0  _printf_lc.o(.ARM.Collect$$_printf_percent$$00000015)
    _printf_ls                               0x0800022b   Thumb Code     0  _printf_ls.o(.ARM.Collect$$_printf_percent$$00000016)
    _printf_percent_end                      0x08000231   Thumb Code     0  _printf_percent_end.o(.ARM.Collect$$_printf_percent$$00000017)
    __rt_lib_init                            0x08000235   Thumb Code     0  libinit.o(.ARM.Collect$$libinit$$00000000)
    __rt_lib_init_fp_1                       0x08000237   Thumb Code     0  libinit2.o(.ARM.Collect$$libinit$$00000002)
    __rt_lib_init_heap_1                     0x08000237   Thumb Code     0  libinit2.o(.ARM.Collect$$libinit$$0000000A)
    __rt_lib_init_lc_common                  0x08000237   Thumb Code     0  libinit2.o(.ARM.Collect$$libinit$$0000000F)
    __rt_lib_init_preinit_1                  0x08000237   Thumb Code     0  libinit2.o(.ARM.Collect$$libinit$$00000004)
    __rt_lib_init_rand_1                     0x08000237   Thumb Code     0  libinit2.o(.ARM.Collect$$libinit$$0000000E)
    __rt_lib_init_user_alloc_1               0x08000237   Thumb Code     0  libinit2.o(.ARM.Collect$$libinit$$0000000C)
    __rt_lib_init_lc_collate_1               0x0800023d   Thumb Code     0  libinit2.o(.ARM.Collect$$libinit$$00000011)
    __rt_lib_init_lc_ctype_2                 0x0800023d   Thumb Code     0  libinit2.o(.ARM.Collect$$libinit$$00000012)
    __rt_lib_init_lc_ctype_1                 0x08000249   Thumb Code     0  libinit2.o(.ARM.Collect$$libinit$$00000013)
    __rt_lib_init_lc_monetary_1              0x08000249   Thumb Code     0  libinit2.o(.ARM.Collect$$libinit$$00000015)
    __rt_lib_init_lc_numeric_2               0x08000249   Thumb Code     0  libinit2.o(.ARM.Collect$$libinit$$00000016)
    __rt_lib_init_alloca_1                   0x08000253   Thumb Code     0  libinit2.o(.ARM.Collect$$libinit$$0000002E)
    __rt_lib_init_argv_1                     0x08000253   Thumb Code     0  libinit2.o(.ARM.Collect$$libinit$$0000002C)
    __rt_lib_init_atexit_1                   0x08000253   Thumb Code     0  libinit2.o(.ARM.Collect$$libinit$$0000001B)
    __rt_lib_init_clock_1                    0x08000253   Thumb Code     0  libinit2.o(.ARM.Collect$$libinit$$00000021)
    __rt_lib_init_cpp_1                      0x08000253   Thumb Code     0  libinit2.o(.ARM.Collect$$libinit$$00000032)
    __rt_lib_init_exceptions_1               0x08000253   Thumb Code     0  libinit2.o(.ARM.Collect$$libinit$$00000030)
    __rt_lib_init_fp_trap_1                  0x08000253   Thumb Code     0  libinit2.o(.ARM.Collect$$libinit$$0000001F)
    __rt_lib_init_getenv_1                   0x08000253   Thumb Code     0  libinit2.o(.ARM.Collect$$libinit$$00000023)
    __rt_lib_init_lc_numeric_1               0x08000253   Thumb Code     0  libinit2.o(.ARM.Collect$$libinit$$00000017)
    __rt_lib_init_lc_time_1                  0x08000253   Thumb Code     0  libinit2.o(.ARM.Collect$$libinit$$00000019)
    __rt_lib_init_return                     0x08000253   Thumb Code     0  libinit2.o(.ARM.Collect$$libinit$$00000033)
    __rt_lib_init_signal_1                   0x08000253   Thumb Code     0  libinit2.o(.ARM.Collect$$libinit$$0000001D)
    __rt_lib_init_stdio_1                    0x08000253   Thumb Code     0  libinit2.o(.ARM.Collect$$libinit$$00000025)
    __rt_lib_shutdown                        0x08000255   Thumb Code     0  libshutdown.o(.ARM.Collect$$libshutdown$$00000000)
    __rt_lib_shutdown_fp_trap_1              0x08000257   Thumb Code     0  libshutdown2.o(.ARM.Collect$$libshutdown$$00000006)
    __rt_lib_shutdown_heap_1                 0x08000257   Thumb Code     0  libshutdown2.o(.ARM.Collect$$libshutdown$$0000000E)
    __rt_lib_shutdown_return                 0x08000257   Thumb Code     0  libshutdown2.o(.ARM.Collect$$libshutdown$$0000000F)
    __rt_lib_shutdown_signal_1               0x08000257   Thumb Code     0  libshutdown2.o(.ARM.Collect$$libshutdown$$00000009)
    __rt_lib_shutdown_stdio_1                0x08000257   Thumb Code     0  libshutdown2.o(.ARM.Collect$$libshutdown$$00000003)
    __rt_lib_shutdown_user_alloc_1           0x08000257   Thumb Code     0  libshutdown2.o(.ARM.Collect$$libshutdown$$0000000B)
    __rt_entry                               0x08000259   Thumb Code     0  __rtentry.o(.ARM.Collect$$rtentry$$00000000)
    __rt_entry_presh_1                       0x08000259   Thumb Code     0  __rtentry2.o(.ARM.Collect$$rtentry$$00000002)
    __rt_entry_sh                            0x08000259   Thumb Code     0  __rtentry4.o(.ARM.Collect$$rtentry$$00000004)
    __rt_entry_li                            0x0800025f   Thumb Code     0  __rtentry2.o(.ARM.Collect$$rtentry$$0000000A)
    __rt_entry_postsh_1                      0x0800025f   Thumb Code     0  __rtentry2.o(.ARM.Collect$$rtentry$$00000009)
    __rt_entry_main                          0x08000263   Thumb Code     0  __rtentry2.o(.ARM.Collect$$rtentry$$0000000D)
    __rt_entry_postli_1                      0x08000263   Thumb Code     0  __rtentry2.o(.ARM.Collect$$rtentry$$0000000C)
    __rt_exit                                0x0800026b   Thumb Code     0  rtexit.o(.ARM.Collect$$rtexit$$00000000)
    __rt_exit_ls                             0x0800026d   Thumb Code     0  rtexit2.o(.ARM.Collect$$rtexit$$00000003)
    __rt_exit_prels_1                        0x0800026d   Thumb Code     0  rtexit2.o(.ARM.Collect$$rtexit$$00000002)
    __rt_exit_exit                           0x08000271   Thumb Code     0  rtexit2.o(.ARM.Collect$$rtexit$$00000004)
    Reset_Handler                            0x08000279   Thumb Code     8  startup_stm32f10x_hd.o(.text)
    ADC1_2_IRQHandler                        0x08000293   Thumb Code     0  startup_stm32f10x_hd.o(.text)
    ADC3_IRQHandler                          0x08000293   Thumb Code     0  startup_stm32f10x_hd.o(.text)
    CAN1_RX1_IRQHandler                      0x08000293   Thumb Code     0  startup_stm32f10x_hd.o(.text)
    CAN1_SCE_IRQHandler                      0x08000293   Thumb Code     0  startup_stm32f10x_hd.o(.text)
    DMA1_Channel1_IRQHandler                 0x08000293   Thumb Code     0  startup_stm32f10x_hd.o(.text)
    DMA1_Channel2_IRQHandler                 0x08000293   Thumb Code     0  startup_stm32f10x_hd.o(.text)
    DMA1_Channel3_IRQHandler                 0x08000293   Thumb Code     0  startup_stm32f10x_hd.o(.text)
    DMA1_Channel4_IRQHandler                 0x08000293   Thumb Code     0  startup_stm32f10x_hd.o(.text)
    DMA1_Channel5_IRQHandler                 0x08000293   Thumb Code     0  startup_stm32f10x_hd.o(.text)
    DMA1_Channel6_IRQHandler                 0x08000293   Thumb Code     0  startup_stm32f10x_hd.o(.text)
    DMA1_Channel7_IRQHandler                 0x08000293   Thumb Code     0  startup_stm32f10x_hd.o(.text)
    DMA2_Channel1_IRQHandler                 0x08000293   Thumb Code     0  startup_stm32f10x_hd.o(.text)
    DMA2_Channel2_IRQHandler                 0x08000293   Thumb Code     0  startup_stm32f10x_hd.o(.text)
    DMA2_Channel3_IRQHandler                 0x08000293   Thumb Code     0  startup_stm32f10x_hd.o(.text)
    DMA2_Channel4_5_IRQHandler               0x08000293   Thumb Code     0  startup_stm32f10x_hd.o(.text)
    EXTI0_IRQHandler                         0x08000293   Thumb Code     0  startup_stm32f10x_hd.o(.text)
    EXTI15_10_IRQHandler                     0x08000293   Thumb Code     0  startup_stm32f10x_hd.o(.text)
    EXTI1_IRQHandler                         0x08000293   Thumb Code     0  startup_stm32f10x_hd.o(.text)
    EXTI2_IRQHandler                         0x08000293   Thumb Code     0  startup_stm32f10x_hd.o(.text)
    EXTI3_IRQHandler                         0x08000293   Thumb Code     0  startup_stm32f10x_hd.o(.text)
    EXTI4_IRQHandler                         0x08000293   Thumb Code     0  startup_stm32f10x_hd.o(.text)
    EXTI9_5_IRQHandler                       0x08000293   Thumb Code     0  startup_stm32f10x_hd.o(.text)
    FLASH_IRQHandler                         0x08000293   Thumb Code     0  startup_stm32f10x_hd.o(.text)
    FSMC_IRQHandler                          0x08000293   Thumb Code     0  startup_stm32f10x_hd.o(.text)
    I2C1_ER_IRQHandler                       0x08000293   Thumb Code     0  startup_stm32f10x_hd.o(.text)
    I2C1_EV_IRQHandler                       0x08000293   Thumb Code     0  startup_stm32f10x_hd.o(.text)
    I2C2_ER_IRQHandler                       0x08000293   Thumb Code     0  startup_stm32f10x_hd.o(.text)
    I2C2_EV_IRQHandler                       0x08000293   Thumb Code     0  startup_stm32f10x_hd.o(.text)
    PVD_IRQHandler                           0x08000293   Thumb Code     0  startup_stm32f10x_hd.o(.text)
    RCC_IRQHandler                           0x08000293   Thumb Code     0  startup_stm32f10x_hd.o(.text)
    RTCAlarm_IRQHandler                      0x08000293   Thumb Code     0  startup_stm32f10x_hd.o(.text)
    RTC_IRQHandler                           0x08000293   Thumb Code     0  startup_stm32f10x_hd.o(.text)
    SDIO_IRQHandler                          0x08000293   Thumb Code     0  startup_stm32f10x_hd.o(.text)
    SPI1_IRQHandler                          0x08000293   Thumb Code     0  startup_stm32f10x_hd.o(.text)
    SPI2_IRQHandler                          0x08000293   Thumb Code     0  startup_stm32f10x_hd.o(.text)
    SPI3_IRQHandler                          0x08000293   Thumb Code     0  startup_stm32f10x_hd.o(.text)
    TAMPER_IRQHandler                        0x08000293   Thumb Code     0  startup_stm32f10x_hd.o(.text)
    TIM1_BRK_IRQHandler                      0x08000293   Thumb Code     0  startup_stm32f10x_hd.o(.text)
    TIM1_CC_IRQHandler                       0x08000293   Thumb Code     0  startup_stm32f10x_hd.o(.text)
    TIM1_TRG_COM_IRQHandler                  0x08000293   Thumb Code     0  startup_stm32f10x_hd.o(.text)
    TIM1_UP_IRQHandler                       0x08000293   Thumb Code     0  startup_stm32f10x_hd.o(.text)
    TIM2_IRQHandler                          0x08000293   Thumb Code     0  startup_stm32f10x_hd.o(.text)
    TIM3_IRQHandler                          0x08000293   Thumb Code     0  startup_stm32f10x_hd.o(.text)
    TIM5_IRQHandler                          0x08000293   Thumb Code     0  startup_stm32f10x_hd.o(.text)
    TIM6_IRQHandler                          0x08000293   Thumb Code     0  startup_stm32f10x_hd.o(.text)
    TIM7_IRQHandler                          0x08000293   Thumb Code     0  startup_stm32f10x_hd.o(.text)
    TIM8_BRK_IRQHandler                      0x08000293   Thumb Code     0  startup_stm32f10x_hd.o(.text)
    TIM8_CC_IRQHandler                       0x08000293   Thumb Code     0  startup_stm32f10x_hd.o(.text)
    TIM8_TRG_COM_IRQHandler                  0x08000293   Thumb Code     0  startup_stm32f10x_hd.o(.text)
    TIM8_UP_IRQHandler                       0x08000293   Thumb Code     0  startup_stm32f10x_hd.o(.text)
    UART4_IRQHandler                         0x08000293   Thumb Code     0  startup_stm32f10x_hd.o(.text)
    UART5_IRQHandler                         0x08000293   Thumb Code     0  startup_stm32f10x_hd.o(.text)
    USART3_IRQHandler                        0x08000293   Thumb Code     0  startup_stm32f10x_hd.o(.text)
    USBWakeUp_IRQHandler                     0x08000293   Thumb Code     0  startup_stm32f10x_hd.o(.text)
    USB_HP_CAN1_TX_IRQHandler                0x08000293   Thumb Code     0  startup_stm32f10x_hd.o(.text)
    USB_LP_CAN1_RX0_IRQHandler               0x08000293   Thumb Code     0  startup_stm32f10x_hd.o(.text)
    WWDG_IRQHandler                          0x08000293   Thumb Code     0  startup_stm32f10x_hd.o(.text)
    __user_initial_stackheap                 0x08000295   Thumb Code     0  startup_stm32f10x_hd.o(.text)
    __use_no_semihosting                     0x080002b9   Thumb Code     2  use_no_semi_2.o(.text)
    __c89vsprintf                            0x080002bd   Thumb Code    32  c89vsprintf.o(.text)
    __2printf                                0x080002e1   Thumb Code    20  __2printf.o(.text)
    __2sprintf                               0x080002f9   Thumb Code    38  __2sprintf.o(.text)
    _printf_str                              0x08000325   Thumb Code    82  _printf_str.o(.text)
    _printf_int_dec                          0x08000379   Thumb Code   104  _printf_dec.o(.text)
    __printf                                 0x080003f1   Thumb Code   388  __printf_flags_ss_wp.o(.text)
    strstr                                   0x08000579   Thumb Code    36  strstr.o(.text)
    strlen                                   0x0800059d   Thumb Code    62  strlen.o(.text)
    __use_two_region_memory                  0x080005db   Thumb Code     2  heapauxi.o(.text)
    __rt_heap_escrow$2region                 0x080005dd   Thumb Code     2  heapauxi.o(.text)
    __rt_heap_expand$2region                 0x080005df   Thumb Code     2  heapauxi.o(.text)
    __I$use$semihosting                      0x080005e1   Thumb Code     0  use_no_semi.o(.text)
    __use_no_semihosting_swi                 0x080005e1   Thumb Code     2  use_no_semi.o(.text)
    _printf_pre_padding                      0x080005e3   Thumb Code    44  _printf_pad.o(.text)
    _printf_post_padding                     0x0800060f   Thumb Code    34  _printf_pad.o(.text)
    _printf_truncate_signed                  0x08000631   Thumb Code    18  _printf_truncate.o(.text)
    _printf_truncate_unsigned                0x08000643   Thumb Code    18  _printf_truncate.o(.text)
    _printf_int_common                       0x08000655   Thumb Code   178  _printf_intcommon.o(.text)
    _printf_charcount                        0x08000707   Thumb Code    40  _printf_charcount.o(.text)
    _printf_char_common                      0x0800073b   Thumb Code    32  _printf_char_common.o(.text)
    _sputc                                   0x08000761   Thumb Code    10  _sputc.o(.text)
    _printf_cs_common                        0x0800076b   Thumb Code    20  _printf_char.o(.text)
    _printf_char                             0x0800077f   Thumb Code    16  _printf_char.o(.text)
    _printf_string                           0x0800078f   Thumb Code     8  _printf_char.o(.text)
    _printf_char_file                        0x08000799   Thumb Code    32  _printf_char_file.o(.text)
    _printf_wctomb                           0x080007bd   Thumb Code   182  _printf_wctomb.o(.text)
    _printf_longlong_dec                     0x08000879   Thumb Code   108  _printf_longlong_dec.o(.text)
    _printf_longlong_oct                     0x080008f5   Thumb Code    68  _printf_oct_int_ll.o(.text)
    _printf_int_oct                          0x08000939   Thumb Code    24  _printf_oct_int_ll.o(.text)
    _printf_ll_oct                           0x08000951   Thumb Code    12  _printf_oct_int_ll.o(.text)
    _printf_longlong_hex                     0x08000965   Thumb Code    86  _printf_hex_int_ll_ptr.o(.text)
    _printf_int_hex                          0x080009bb   Thumb Code    28  _printf_hex_int_ll_ptr.o(.text)
    _printf_ll_hex                           0x080009d7   Thumb Code    12  _printf_hex_int_ll_ptr.o(.text)
    _printf_hex_ptr                          0x080009e3   Thumb Code    18  _printf_hex_int_ll_ptr.o(.text)
    _ll_udiv10                               0x080009f9   Thumb Code   138  lludiv10.o(.text)
    __lib_sel_fp_printf                      0x08000a83   Thumb Code     2  _printf_fp_dec.o(.text)
    _printf_fp_dec_real                      0x08000c31   Thumb Code   620  _printf_fp_dec.o(.text)
    _printf_lcs_common                       0x08000e9d   Thumb Code    20  _printf_wchar.o(.text)
    _printf_wchar                            0x08000eb1   Thumb Code    16  _printf_wchar.o(.text)
    _printf_wstring                          0x08000ec1   Thumb Code     8  _printf_wchar.o(.text)
    ferror                                   0x08000ec9   Thumb Code     8  ferror.o(.text)
    _wcrtomb                                 0x08000ed1   Thumb Code    64  _wcrtomb.o(.text)
    __user_setup_stackheap                   0x08000f11   Thumb Code    74  sys_stackheap_outer.o(.text)
    __rt_ctype_table                         0x08000f5d   Thumb Code    16  rt_ctype_table.o(.text)
    __rt_locale                              0x08000f6d   Thumb Code     8  rt_locale_intlibspace.o(.text)
    _printf_fp_infnan                        0x08000f75   Thumb Code   112  _printf_fp_infnan.o(.text)
    _btod_etento                             0x08000ff5   Thumb Code   216  bigflt0.o(.text)
    exit                                     0x080010d1   Thumb Code    12  exit.o(.text)
    __user_libspace                          0x080010dd   Thumb Code     8  libspace.o(.text)
    __user_perproc_libspace                  0x080010dd   Thumb Code     0  libspace.o(.text)
    __user_perthread_libspace                0x080010dd   Thumb Code     0  libspace.o(.text)
    strcmp                                   0x080010e5   Thumb Code   128  strcmpv7m.o(.text)
    _btod_d2e                                0x08001165   Thumb Code    62  btod.o(CL$$btod_d2e)
    _d2e_denorm_low                          0x080011a3   Thumb Code    70  btod.o(CL$$btod_d2e_denorm_low)
    _d2e_norm_op1                            0x080011e9   Thumb Code    96  btod.o(CL$$btod_d2e_norm_op1)
    __btod_div_common                        0x08001249   Thumb Code   696  btod.o(CL$$btod_div_common)
    _e2e                                     0x08001581   Thumb Code   198  btod.o(CL$$btod_e2e)
    _btod_ediv                               0x08001647   Thumb Code    40  btod.o(CL$$btod_ediv)
    _btod_emul                               0x0800166f   Thumb Code    40  btod.o(CL$$btod_emul)
    __btod_mult_common                       0x08001697   Thumb Code   580  btod.o(CL$$btod_mult_common)
    BusFault_Handler                         0x080018db   Thumb Code     4  stm32f10x_it.o(i.BusFault_Handler)
    DMA_Cmd                                  0x080018df   Thumb Code    24  stm32f10x_dma.o(i.DMA_Cmd)
    DMA_DeInit                               0x080018f9   Thumb Code   324  stm32f10x_dma.o(i.DMA_DeInit)
    DMA_GetCurrDataCounter                   0x08001a45   Thumb Code     8  stm32f10x_dma.o(i.DMA_GetCurrDataCounter)
    DMA_Init                                 0x08001a4d   Thumb Code    60  stm32f10x_dma.o(i.DMA_Init)
    DMA_SetCurrDataCounter                   0x08001a89   Thumb Code     4  stm32f10x_dma.o(i.DMA_SetCurrDataCounter)
    DebugMon_Handler                         0x08001a8d   Thumb Code     2  stm32f10x_it.o(i.DebugMon_Handler)
    GPIO_Init                                0x08001a8f   Thumb Code   278  stm32f10x_gpio.o(i.GPIO_Init)
    GPIO_PinRemapConfig                      0x08001ba5   Thumb Code   138  stm32f10x_gpio.o(i.GPIO_PinRemapConfig)
    GPIO_ReadInputDataBit                    0x08001c35   Thumb Code    18  stm32f10x_gpio.o(i.GPIO_ReadInputDataBit)
    GPIO_SetBits                             0x08001c47   Thumb Code     4  stm32f10x_gpio.o(i.GPIO_SetBits)
    HardFault_Handler                        0x08001c4b   Thumb Code     4  stm32f10x_it.o(i.HardFault_Handler)
    KEY_Init                                 0x08001c51   Thumb Code    82  key.o(i.KEY_Init)
    KEY_Scan                                 0x08001cb1   Thumb Code   154  key.o(i.KEY_Scan)
    LED_Init                                 0x08001d59   Thumb Code    72  led.o(i.LED_Init)
    MemManage_Handler                        0x08001da9   Thumb Code     4  stm32f10x_it.o(i.MemManage_Handler)
    NMI_Handler                              0x08001dad   Thumb Code     2  stm32f10x_it.o(i.NMI_Handler)
    NVIC_Init                                0x08001db1   Thumb Code   100  misc.o(i.NVIC_Init)
    NVIC_PriorityGroupConfig                 0x08001e21   Thumb Code    10  misc.o(i.NVIC_PriorityGroupConfig)
    PendSV_Handler                           0x08001e35   Thumb Code     2  stm32f10x_it.o(i.PendSV_Handler)
    RCC_AHBPeriphClockCmd                    0x08001e39   Thumb Code    26  stm32f10x_rcc.o(i.RCC_AHBPeriphClockCmd)
    RCC_APB1PeriphClockCmd                   0x08001e59   Thumb Code    26  stm32f10x_rcc.o(i.RCC_APB1PeriphClockCmd)
    RCC_APB1PeriphResetCmd                   0x08001e79   Thumb Code    26  stm32f10x_rcc.o(i.RCC_APB1PeriphResetCmd)
    RCC_APB2PeriphClockCmd                   0x08001e99   Thumb Code    26  stm32f10x_rcc.o(i.RCC_APB2PeriphClockCmd)
    RCC_APB2PeriphResetCmd                   0x08001eb9   Thumb Code    26  stm32f10x_rcc.o(i.RCC_APB2PeriphResetCmd)
    RCC_GetClocksFreq                        0x08001ed9   Thumb Code   192  stm32f10x_rcc.o(i.RCC_GetClocksFreq)
    SVC_Handler                              0x08001fad   Thumb Code     2  stm32f10x_it.o(i.SVC_Handler)
    SysTick_CLKSourceConfig                  0x08002099   Thumb Code    40  misc.o(i.SysTick_CLKSourceConfig)
    SysTick_Handler                          0x080020c1   Thumb Code     2  stm32f10x_it.o(i.SysTick_Handler)
    SystemInit                               0x080020c5   Thumb Code    78  system_stm32f10x.o(i.SystemInit)
    TIM4_IRQHandler                          0x08002125   Thumb Code    40  usart2.o(i.TIM4_IRQHandler)
    TIM4_Init                                0x08002155   Thumb Code    82  usart2.o(i.TIM4_Init)
    TIM4_Set                                 0x080021ad   Thumb Code    34  usart2.o(i.TIM4_Set)
    TIM_ClearITPendingBit                    0x080021d5   Thumb Code     6  stm32f10x_tim.o(i.TIM_ClearITPendingBit)
    TIM_Cmd                                  0x080021db   Thumb Code    24  stm32f10x_tim.o(i.TIM_Cmd)
    TIM_GetITStatus                          0x080021f3   Thumb Code    34  stm32f10x_tim.o(i.TIM_GetITStatus)
    TIM_ITConfig                             0x08002215   Thumb Code    18  stm32f10x_tim.o(i.TIM_ITConfig)
    TIM_SetCounter                           0x08002227   Thumb Code     4  stm32f10x_tim.o(i.TIM_SetCounter)
    TIM_TimeBaseInit                         0x0800222d   Thumb Code   122  stm32f10x_tim.o(i.TIM_TimeBaseInit)
    UART_DMA_Config                          0x080022d1   Thumb Code    72  usart2.o(i.UART_DMA_Config)
    UART_DMA_Enable                          0x08002319   Thumb Code    32  usart2.o(i.UART_DMA_Enable)
    USART1_IRQHandler                        0x08002339   Thumb Code   122  usart.o(i.USART1_IRQHandler)
    USART2_IRQHandler                        0x080023c1   Thumb Code    84  usart2.o(i.USART2_IRQHandler)
    USART2_Init                              0x08002425   Thumb Code   206  usart2.o(i.USART2_Init)
    USART_Cmd                                0x08002509   Thumb Code    24  stm32f10x_usart.o(i.USART_Cmd)
    USART_DMACmd                             0x08002521   Thumb Code    18  stm32f10x_usart.o(i.USART_DMACmd)
    USART_DeInit                             0x08002535   Thumb Code   134  stm32f10x_usart.o(i.USART_DeInit)
    USART_GetITStatus                        0x080025d1   Thumb Code    84  stm32f10x_usart.o(i.USART_GetITStatus)
    USART_ITConfig                           0x08002625   Thumb Code    74  stm32f10x_usart.o(i.USART_ITConfig)
    USART_Init                               0x08002671   Thumb Code   210  stm32f10x_usart.o(i.USART_Init)
    USART_ReceiveData                        0x08002749   Thumb Code    10  stm32f10x_usart.o(i.USART_ReceiveData)
    UsageFault_Handler                       0x08002753   Thumb Code     4  stm32f10x_it.o(i.UsageFault_Handler)
    __ARM_fpclassify                         0x08002757   Thumb Code    40  fpclassify.o(i.__ARM_fpclassify)
    _is_digit                                0x0800277f   Thumb Code    14  __printf_wp.o(i._is_digit)
    _sys_exit                                0x0800278d   Thumb Code     6  usart.o(i._sys_exit)
    atk_8266_at_response                     0x08002795   Thumb Code    46  common.o(i.atk_8266_at_response)
    atk_8266_check_cmd                       0x080027d1   Thumb Code    44  common.o(i.atk_8266_check_cmd)
    atk_8266_consta_check                    0x08002805   Thumb Code    36  common.o(i.atk_8266_consta_check)
    atk_8266_quit_trans                      0x08002849   Thumb Code   100  common.o(i.atk_8266_quit_trans)
    atk_8266_send_cmd                        0x080028b9   Thumb Code    92  common.o(i.atk_8266_send_cmd)
    atk_8266_test                            0x0800292d   Thumb Code   174  common.o(i.atk_8266_test)
    atk_8266_wifista_test                    0x08002aa5   Thumb Code   458  wifista.o(i.atk_8266_wifista_test)
    delay_init                               0x08002d7d   Thumb Code    50  delay.o(i.delay_init)
    delay_ms                                 0x08002dc1   Thumb Code    72  delay.o(i.delay_ms)
    fputc                                    0x08002e0d   Thumb Code    24  usart.o(i.fputc)
    main                                     0x08002e29   Thumb Code    56  main.o(i.main)
    mem_free                                 0x08002e7d   Thumb Code    66  malloc.o(i.mem_free)
    mem_init                                 0x08002ec5   Thumb Code    38  malloc.o(i.mem_init)
    mem_malloc                               0x08002ef1   Thumb Code   116  malloc.o(i.mem_malloc)
    mem_perused                              0x08002f69   Thumb Code    42  malloc.o(i.mem_perused)
    myfree                                   0x08002f99   Thumb Code    24  malloc.o(i.myfree)
    mymalloc                                 0x08002fb5   Thumb Code    28  malloc.o(i.mymalloc)
    mymemset                                 0x08002fd5   Thumb Code    20  malloc.o(i.mymemset)
    u2_printf                                0x08002fe9   Thumb Code    56  usart2.o(i.u2_printf)
    uart_init                                0x08003029   Thumb Code   152  usart.o(i.uart_init)
    _get_lc_numeric                          0x080030c9   Thumb Code    44  lc_numeric_c.o(locale$$code)
    _get_lc_ctype                            0x080030f5   Thumb Code    44  lc_ctype_c.o(locale$$code)
    _printf_fp_dec                           0x08003121   Thumb Code     4  printf1.o(x$fpl$printf1)
    __I$use$fp                               0x08003124   Number         0  usenofp.o(x$fpl$usenofp)
    Region$$Table$$Base                      0x080032b8   Number         0  anon$$obj.o(Region$$Table)
    Region$$Table$$Limit                     0x080032d8   Number         0  anon$$obj.o(Region$$Table)
    __ctype                                  0x08003301   Data           0  lc_ctype_c.o(locale$$data)
    USART2_RX_STA                            0x20000002   Data           2  usart2.o(.data)
    __stdout                                 0x2000001c   Data           4  usart.o(.data)
    USART_RX_STA                             0x20000020   Data           2  usart.o(.data)
    SystemCoreClock                          0x20000024   Data           4  system_stm32f10x.o(.data)
    AHBPrescTable                            0x20000028   Data          16  system_stm32f10x.o(.data)
    portnum                                  0x20000038   Data           4  common.o(.data)
    wifista_ssid                             0x2000003c   Data           4  common.o(.data)
    wifista_encryption                       0x20000040   Data           4  common.o(.data)
    wifista_password                         0x20000044   Data           4  common.o(.data)
    wifiap_ssid                              0x20000048   Data           4  common.o(.data)
    wifiap_encryption                        0x2000004c   Data           4  common.o(.data)
    wifiap_password                          0x20000050   Data           4  common.o(.data)
    ATK_ESP8266_CWMODE_TBL                   0x20000054   Data          12  common.o(.data)
    ATK_ESP8266_WORKMODE_TBL                 0x20000060   Data          12  common.o(.data)
    ATK_ESP8266_ECN_TBL                      0x2000006c   Data          20  common.o(.data)
    netpro                                   0x20000080   Data           1  wifista.o(.data)
    mallco_dev                               0x20000084   Data          20  malloc.o(.data)
    USART2_TX_BUF                            0x20000098   Data        1024  usart2.o(.bss)
    USART2_RX_BUF                            0x20000498   Data        1024  usart2.o(.bss)
    USART_RX_BUF                             0x20000898   Data         200  usart.o(.bss)
    membase                                  0x20000960   Data       35840  malloc.o(.bss)
    memmapbase                               0x20009560   Data        2240  malloc.o(.bss)
    __libspace_start                         0x20009e20   Data          96  libspace.o(.bss)
    __temporary_stack_top$libspace           0x20009e80   Data           0  libspace.o(.bss)



==============================================================================

Memory Map of the image

  Image Entry point : 0x08000131

  Load Region LR_IROM1 (Base: 0x08000000, Size: 0x0000349c, Max: 0x00040000, ABSOLUTE)

    Execution Region ER_IROM1 (Base: 0x08000000, Size: 0x00003404, Max: 0x00040000, ABSOLUTE)

    Base Addr    Size         Type   Attr      Idx    E Section Name        Object

    0x08000000   0x00000130   Data   RO           19    RESET               startup_stm32f10x_hd.o
    0x08000130   0x00000008   Code   RO         3657  * !!!main             c_w.l(__main.o)
    0x08000138   0x00000034   Code   RO         3943    !!!scatter          c_w.l(__scatter.o)
    0x0800016c   0x0000001a   Code   RO         3945    !!handler_copy      c_w.l(__scatter_copy.o)
    0x08000186   0x00000002   PAD
    0x08000188   0x0000001c   Code   RO         3947    !!handler_zi        c_w.l(__scatter_zi.o)
    0x080001a4   0x00000000   Code   RO         3650    .ARM.Collect$$_printf_percent$$00000000  c_w.l(_printf_percent.o)
    0x080001a4   0x00000006   Code   RO         3711    .ARM.Collect$$_printf_percent$$00000001  c_w.l(_printf_n.o)
    0x080001aa   0x00000006   Code   RO         3713    .ARM.Collect$$_printf_percent$$00000002  c_w.l(_printf_p.o)
    0x080001b0   0x00000006   Code   RO         3717    .ARM.Collect$$_printf_percent$$00000003  c_w.l(_printf_f.o)
    0x080001b6   0x00000006   Code   RO         3718    .ARM.Collect$$_printf_percent$$00000004  c_w.l(_printf_e.o)
    0x080001bc   0x00000006   Code   RO         3719    .ARM.Collect$$_printf_percent$$00000005  c_w.l(_printf_g.o)
    0x080001c2   0x00000006   Code   RO         3720    .ARM.Collect$$_printf_percent$$00000006  c_w.l(_printf_a.o)
    0x080001c8   0x0000000a   Code   RO         3725    .ARM.Collect$$_printf_percent$$00000007  c_w.l(_printf_ll.o)
    0x080001d2   0x00000006   Code   RO         3715    .ARM.Collect$$_printf_percent$$00000008  c_w.l(_printf_i.o)
    0x080001d8   0x00000006   Code   RO         3649    .ARM.Collect$$_printf_percent$$00000009  c_w.l(_printf_d.o)
    0x080001de   0x00000006   Code   RO         3716    .ARM.Collect$$_printf_percent$$0000000A  c_w.l(_printf_u.o)
    0x080001e4   0x00000006   Code   RO         3714    .ARM.Collect$$_printf_percent$$0000000B  c_w.l(_printf_o.o)
    0x080001ea   0x00000006   Code   RO         3712    .ARM.Collect$$_printf_percent$$0000000C  c_w.l(_printf_x.o)
    0x080001f0   0x00000006   Code   RO         3722    .ARM.Collect$$_printf_percent$$0000000D  c_w.l(_printf_lli.o)
    0x080001f6   0x00000006   Code   RO         3723    .ARM.Collect$$_printf_percent$$0000000E  c_w.l(_printf_lld.o)
    0x080001fc   0x00000006   Code   RO         3724    .ARM.Collect$$_printf_percent$$0000000F  c_w.l(_printf_llu.o)
    0x08000202   0x00000006   Code   RO         3729    .ARM.Collect$$_printf_percent$$00000010  c_w.l(_printf_llo.o)
    0x08000208   0x00000006   Code   RO         3730    .ARM.Collect$$_printf_percent$$00000011  c_w.l(_printf_llx.o)
    0x0800020e   0x0000000a   Code   RO         3726    .ARM.Collect$$_printf_percent$$00000012  c_w.l(_printf_l.o)
    0x08000218   0x00000006   Code   RO         3710    .ARM.Collect$$_printf_percent$$00000013  c_w.l(_printf_c.o)
    0x0800021e   0x00000006   Code   RO         3648    .ARM.Collect$$_printf_percent$$00000014  c_w.l(_printf_s.o)
    0x08000224   0x00000006   Code   RO         3727    .ARM.Collect$$_printf_percent$$00000015  c_w.l(_printf_lc.o)
    0x0800022a   0x00000006   Code   RO         3728    .ARM.Collect$$_printf_percent$$00000016  c_w.l(_printf_ls.o)
    0x08000230   0x00000004   Code   RO         3721    .ARM.Collect$$_printf_percent$$00000017  c_w.l(_printf_percent_end.o)
    0x08000234   0x00000002   Code   RO         3808    .ARM.Collect$$libinit$$00000000  c_w.l(libinit.o)
    0x08000236   0x00000000   Code   RO         3825    .ARM.Collect$$libinit$$00000002  c_w.l(libinit2.o)
    0x08000236   0x00000000   Code   RO         3827    .ARM.Collect$$libinit$$00000004  c_w.l(libinit2.o)
    0x08000236   0x00000000   Code   RO         3830    .ARM.Collect$$libinit$$0000000A  c_w.l(libinit2.o)
    0x08000236   0x00000000   Code   RO         3832    .ARM.Collect$$libinit$$0000000C  c_w.l(libinit2.o)
    0x08000236   0x00000000   Code   RO         3834    .ARM.Collect$$libinit$$0000000E  c_w.l(libinit2.o)
    0x08000236   0x00000006   Code   RO         3835    .ARM.Collect$$libinit$$0000000F  c_w.l(libinit2.o)
    0x0800023c   0x00000000   Code   RO         3837    .ARM.Collect$$libinit$$00000011  c_w.l(libinit2.o)
    0x0800023c   0x0000000c   Code   RO         3838    .ARM.Collect$$libinit$$00000012  c_w.l(libinit2.o)
    0x08000248   0x00000000   Code   RO         3839    .ARM.Collect$$libinit$$00000013  c_w.l(libinit2.o)
    0x08000248   0x00000000   Code   RO         3841    .ARM.Collect$$libinit$$00000015  c_w.l(libinit2.o)
    0x08000248   0x0000000a   Code   RO         3842    .ARM.Collect$$libinit$$00000016  c_w.l(libinit2.o)
    0x08000252   0x00000000   Code   RO         3843    .ARM.Collect$$libinit$$00000017  c_w.l(libinit2.o)
    0x08000252   0x00000000   Code   RO         3845    .ARM.Collect$$libinit$$00000019  c_w.l(libinit2.o)
    0x08000252   0x00000000   Code   RO         3847    .ARM.Collect$$libinit$$0000001B  c_w.l(libinit2.o)
    0x08000252   0x00000000   Code   RO         3849    .ARM.Collect$$libinit$$0000001D  c_w.l(libinit2.o)
    0x08000252   0x00000000   Code   RO         3851    .ARM.Collect$$libinit$$0000001F  c_w.l(libinit2.o)
    0x08000252   0x00000000   Code   RO         3853    .ARM.Collect$$libinit$$00000021  c_w.l(libinit2.o)
    0x08000252   0x00000000   Code   RO         3855    .ARM.Collect$$libinit$$00000023  c_w.l(libinit2.o)
    0x08000252   0x00000000   Code   RO         3857    .ARM.Collect$$libinit$$00000025  c_w.l(libinit2.o)
    0x08000252   0x00000000   Code   RO         3861    .ARM.Collect$$libinit$$0000002C  c_w.l(libinit2.o)
    0x08000252   0x00000000   Code   RO         3863    .ARM.Collect$$libinit$$0000002E  c_w.l(libinit2.o)
    0x08000252   0x00000000   Code   RO         3865    .ARM.Collect$$libinit$$00000030  c_w.l(libinit2.o)
    0x08000252   0x00000000   Code   RO         3867    .ARM.Collect$$libinit$$00000032  c_w.l(libinit2.o)
    0x08000252   0x00000002   Code   RO         3868    .ARM.Collect$$libinit$$00000033  c_w.l(libinit2.o)
    0x08000254   0x00000002   Code   RO         3886    .ARM.Collect$$libshutdown$$00000000  c_w.l(libshutdown.o)
    0x08000256   0x00000000   Code   RO         3897    .ARM.Collect$$libshutdown$$00000003  c_w.l(libshutdown2.o)
    0x08000256   0x00000000   Code   RO         3900    .ARM.Collect$$libshutdown$$00000006  c_w.l(libshutdown2.o)
    0x08000256   0x00000000   Code   RO         3903    .ARM.Collect$$libshutdown$$00000009  c_w.l(libshutdown2.o)
    0x08000256   0x00000000   Code   RO         3905    .ARM.Collect$$libshutdown$$0000000B  c_w.l(libshutdown2.o)
    0x08000256   0x00000000   Code   RO         3908    .ARM.Collect$$libshutdown$$0000000E  c_w.l(libshutdown2.o)
    0x08000256   0x00000002   Code   RO         3909    .ARM.Collect$$libshutdown$$0000000F  c_w.l(libshutdown2.o)
    0x08000258   0x00000000   Code   RO         3661    .ARM.Collect$$rtentry$$00000000  c_w.l(__rtentry.o)
    0x08000258   0x00000000   Code   RO         3734    .ARM.Collect$$rtentry$$00000002  c_w.l(__rtentry2.o)
    0x08000258   0x00000006   Code   RO         3746    .ARM.Collect$$rtentry$$00000004  c_w.l(__rtentry4.o)
    0x0800025e   0x00000000   Code   RO         3736    .ARM.Collect$$rtentry$$00000009  c_w.l(__rtentry2.o)
    0x0800025e   0x00000004   Code   RO         3737    .ARM.Collect$$rtentry$$0000000A  c_w.l(__rtentry2.o)
    0x08000262   0x00000000   Code   RO         3739    .ARM.Collect$$rtentry$$0000000C  c_w.l(__rtentry2.o)
    0x08000262   0x00000008   Code   RO         3740    .ARM.Collect$$rtentry$$0000000D  c_w.l(__rtentry2.o)
    0x0800026a   0x00000002   Code   RO         3817    .ARM.Collect$$rtexit$$00000000  c_w.l(rtexit.o)
    0x0800026c   0x00000000   Code   RO         3870    .ARM.Collect$$rtexit$$00000002  c_w.l(rtexit2.o)
    0x0800026c   0x00000004   Code   RO         3871    .ARM.Collect$$rtexit$$00000003  c_w.l(rtexit2.o)
    0x08000270   0x00000006   Code   RO         3872    .ARM.Collect$$rtexit$$00000004  c_w.l(rtexit2.o)
    0x08000276   0x00000002   PAD
    0x08000278   0x00000040   Code   RO           20    .text               startup_stm32f10x_hd.o
    0x080002b8   0x00000002   Code   RO         3610    .text               c_w.l(use_no_semi_2.o)
    0x080002ba   0x00000002   PAD
    0x080002bc   0x00000024   Code   RO         3612    .text               c_w.l(c89vsprintf.o)
    0x080002e0   0x00000018   Code   RO         3614    .text               c_w.l(__2printf.o)
    0x080002f8   0x0000002c   Code   RO         3616    .text               c_w.l(__2sprintf.o)
    0x08000324   0x00000052   Code   RO         3624    .text               c_w.l(_printf_str.o)
    0x08000376   0x00000002   PAD
    0x08000378   0x00000078   Code   RO         3626    .text               c_w.l(_printf_dec.o)
    0x080003f0   0x00000188   Code   RO         3645    .text               c_w.l(__printf_flags_ss_wp.o)
    0x08000578   0x00000024   Code   RO         3651    .text               c_w.l(strstr.o)
    0x0800059c   0x0000003e   Code   RO         3653    .text               c_w.l(strlen.o)
    0x080005da   0x00000006   Code   RO         3655    .text               c_w.l(heapauxi.o)
    0x080005e0   0x00000002   Code   RO         3659    .text               c_w.l(use_no_semi.o)
    0x080005e2   0x0000004e   Code   RO         3662    .text               c_w.l(_printf_pad.o)
    0x08000630   0x00000024   Code   RO         3664    .text               c_w.l(_printf_truncate.o)
    0x08000654   0x000000b2   Code   RO         3666    .text               c_w.l(_printf_intcommon.o)
    0x08000706   0x00000028   Code   RO         3668    .text               c_w.l(_printf_charcount.o)
    0x0800072e   0x00000002   PAD
    0x08000730   0x00000030   Code   RO         3670    .text               c_w.l(_printf_char_common.o)
    0x08000760   0x0000000a   Code   RO         3672    .text               c_w.l(_sputc.o)
    0x0800076a   0x0000002c   Code   RO         3674    .text               c_w.l(_printf_char.o)
    0x08000796   0x00000002   PAD
    0x08000798   0x00000024   Code   RO         3676    .text               c_w.l(_printf_char_file.o)
    0x080007bc   0x000000bc   Code   RO         3678    .text               c_w.l(_printf_wctomb.o)
    0x08000878   0x0000007c   Code   RO         3681    .text               c_w.l(_printf_longlong_dec.o)
    0x080008f4   0x00000070   Code   RO         3687    .text               c_w.l(_printf_oct_int_ll.o)
    0x08000964   0x00000094   Code   RO         3707    .text               c_w.l(_printf_hex_int_ll_ptr.o)
    0x080009f8   0x0000008a   Code   RO         3748    .text               c_w.l(lludiv10.o)
    0x08000a82   0x0000041a   Code   RO         3750    .text               c_w.l(_printf_fp_dec.o)
    0x08000e9c   0x0000002c   Code   RO         3754    .text               c_w.l(_printf_wchar.o)
    0x08000ec8   0x00000008   Code   RO         3756    .text               c_w.l(ferror.o)
    0x08000ed0   0x00000040   Code   RO         3760    .text               c_w.l(_wcrtomb.o)
    0x08000f10   0x0000004a   Code   RO         3762    .text               c_w.l(sys_stackheap_outer.o)
    0x08000f5a   0x00000002   PAD
    0x08000f5c   0x00000010   Code   RO         3764    .text               c_w.l(rt_ctype_table.o)
    0x08000f6c   0x00000008   Code   RO         3769    .text               c_w.l(rt_locale_intlibspace.o)
    0x08000f74   0x00000080   Code   RO         3771    .text               c_w.l(_printf_fp_infnan.o)
    0x08000ff4   0x000000dc   Code   RO         3773    .text               c_w.l(bigflt0.o)
    0x080010d0   0x0000000c   Code   RO         3801    .text               c_w.l(exit.o)
    0x080010dc   0x00000008   Code   RO         3814    .text               c_w.l(libspace.o)
    0x080010e4   0x00000080   Code   RO         3822    .text               c_w.l(strcmpv7m.o)
    0x08001164   0x0000003e   Code   RO         3776    CL$$btod_d2e        c_w.l(btod.o)
    0x080011a2   0x00000046   Code   RO         3778    CL$$btod_d2e_denorm_low  c_w.l(btod.o)
    0x080011e8   0x00000060   Code   RO         3777    CL$$btod_d2e_norm_op1  c_w.l(btod.o)
    0x08001248   0x00000338   Code   RO         3786    CL$$btod_div_common  c_w.l(btod.o)
    0x08001580   0x000000c6   Code   RO         3783    CL$$btod_e2e        c_w.l(btod.o)
    0x08001646   0x00000028   Code   RO         3780    CL$$btod_ediv       c_w.l(btod.o)
    0x0800166e   0x00000028   Code   RO         3779    CL$$btod_emul       c_w.l(btod.o)
    0x08001696   0x00000244   Code   RO         3785    CL$$btod_mult_common  c_w.l(btod.o)
    0x080018da   0x00000004   Code   RO         3327    i.BusFault_Handler  stm32f10x_it.o
    0x080018de   0x00000018   Code   RO          948    i.DMA_Cmd           stm32f10x_dma.o
    0x080018f6   0x00000002   PAD
    0x080018f8   0x0000014c   Code   RO          949    i.DMA_DeInit        stm32f10x_dma.o
    0x08001a44   0x00000008   Code   RO          950    i.DMA_GetCurrDataCounter  stm32f10x_dma.o
    0x08001a4c   0x0000003c   Code   RO          954    i.DMA_Init          stm32f10x_dma.o
    0x08001a88   0x00000004   Code   RO          955    i.DMA_SetCurrDataCounter  stm32f10x_dma.o
    0x08001a8c   0x00000002   Code   RO         3328    i.DebugMon_Handler  stm32f10x_it.o
    0x08001a8e   0x00000116   Code   RO         1372    i.GPIO_Init         stm32f10x_gpio.o
    0x08001ba4   0x00000090   Code   RO         1374    i.GPIO_PinRemapConfig  stm32f10x_gpio.o
    0x08001c34   0x00000012   Code   RO         1376    i.GPIO_ReadInputDataBit  stm32f10x_gpio.o
    0x08001c46   0x00000004   Code   RO         1380    i.GPIO_SetBits      stm32f10x_gpio.o
    0x08001c4a   0x00000004   Code   RO         3329    i.HardFault_Handler  stm32f10x_it.o
    0x08001c4e   0x00000002   PAD
    0x08001c50   0x00000060   Code   RO           24    i.KEY_Init          key.o
    0x08001cb0   0x000000a8   Code   RO           25    i.KEY_Scan          key.o
    0x08001d58   0x00000050   Code   RO          135    i.LED_Init          led.o
    0x08001da8   0x00000004   Code   RO         3330    i.MemManage_Handler  stm32f10x_it.o
    0x08001dac   0x00000002   Code   RO         3331    i.NMI_Handler       stm32f10x_it.o
    0x08001dae   0x00000002   PAD
    0x08001db0   0x00000070   Code   RO          221    i.NVIC_Init         misc.o
    0x08001e20   0x00000014   Code   RO          222    i.NVIC_PriorityGroupConfig  misc.o
    0x08001e34   0x00000002   Code   RO         3332    i.PendSV_Handler    stm32f10x_it.o
    0x08001e36   0x00000002   PAD
    0x08001e38   0x00000020   Code   RO         1787    i.RCC_AHBPeriphClockCmd  stm32f10x_rcc.o
    0x08001e58   0x00000020   Code   RO         1788    i.RCC_APB1PeriphClockCmd  stm32f10x_rcc.o
    0x08001e78   0x00000020   Code   RO         1789    i.RCC_APB1PeriphResetCmd  stm32f10x_rcc.o
    0x08001e98   0x00000020   Code   RO         1790    i.RCC_APB2PeriphClockCmd  stm32f10x_rcc.o
    0x08001eb8   0x00000020   Code   RO         1791    i.RCC_APB2PeriphResetCmd  stm32f10x_rcc.o
    0x08001ed8   0x000000d4   Code   RO         1798    i.RCC_GetClocksFreq  stm32f10x_rcc.o
    0x08001fac   0x00000002   Code   RO         3333    i.SVC_Handler       stm32f10x_it.o
    0x08001fae   0x00000008   Code   RO         3416    i.SetSysClock       system_stm32f10x.o
    0x08001fb6   0x00000002   PAD
    0x08001fb8   0x000000e0   Code   RO         3417    i.SetSysClockTo72   system_stm32f10x.o
    0x08002098   0x00000028   Code   RO          225    i.SysTick_CLKSourceConfig  misc.o
    0x080020c0   0x00000002   Code   RO         3334    i.SysTick_Handler   stm32f10x_it.o
    0x080020c2   0x00000002   PAD
    0x080020c4   0x00000060   Code   RO         3419    i.SystemInit        system_stm32f10x.o
    0x08002124   0x00000030   Code   RO          150    i.TIM4_IRQHandler   usart2.o
    0x08002154   0x00000058   Code   RO          151    i.TIM4_Init         usart2.o
    0x080021ac   0x00000028   Code   RO          152    i.TIM4_Set          usart2.o
    0x080021d4   0x00000006   Code   RO         2417    i.TIM_ClearITPendingBit  stm32f10x_tim.o
    0x080021da   0x00000018   Code   RO         2422    i.TIM_Cmd           stm32f10x_tim.o
    0x080021f2   0x00000022   Code   RO         2443    i.TIM_GetITStatus   stm32f10x_tim.o
    0x08002214   0x00000012   Code   RO         2447    i.TIM_ITConfig      stm32f10x_tim.o
    0x08002226   0x00000004   Code   RO         2487    i.TIM_SetCounter    stm32f10x_tim.o
    0x0800222a   0x00000002   PAD
    0x0800222c   0x000000a4   Code   RO         2493    i.TIM_TimeBaseInit  stm32f10x_tim.o
    0x080022d0   0x00000048   Code   RO          153    i.UART_DMA_Config   usart2.o
    0x08002318   0x00000020   Code   RO          154    i.UART_DMA_Enable   usart2.o
    0x08002338   0x00000088   Code   RO         3248    i.USART1_IRQHandler  usart.o
    0x080023c0   0x00000064   Code   RO          155    i.USART2_IRQHandler  usart2.o
    0x08002424   0x000000e4   Code   RO          156    i.USART2_Init       usart2.o
    0x08002508   0x00000018   Code   RO         2958    i.USART_Cmd         stm32f10x_usart.o
    0x08002520   0x00000012   Code   RO         2959    i.USART_DMACmd      stm32f10x_usart.o
    0x08002532   0x00000002   PAD
    0x08002534   0x0000009c   Code   RO         2960    i.USART_DeInit      stm32f10x_usart.o
    0x080025d0   0x00000054   Code   RO         2962    i.USART_GetITStatus  stm32f10x_usart.o
    0x08002624   0x0000004a   Code   RO         2964    i.USART_ITConfig    stm32f10x_usart.o
    0x0800266e   0x00000002   PAD
    0x08002670   0x000000d8   Code   RO         2965    i.USART_Init        stm32f10x_usart.o
    0x08002748   0x0000000a   Code   RO         2972    i.USART_ReceiveData  stm32f10x_usart.o
    0x08002752   0x00000004   Code   RO         3335    i.UsageFault_Handler  stm32f10x_it.o
    0x08002756   0x00000028   Code   RO         3812    i.__ARM_fpclassify  m_ws.l(fpclassify.o)
    0x0800277e   0x0000000e   Code   RO         3638    i._is_digit         c_w.l(__printf_wp.o)
    0x0800278c   0x00000006   Code   RO         3249    i._sys_exit         usart.o
    0x08002792   0x00000002   PAD
    0x08002794   0x0000003c   Code   RO         3451    i.atk_8266_at_response  common.o
    0x080027d0   0x00000034   Code   RO         3452    i.atk_8266_check_cmd  common.o
    0x08002804   0x00000044   Code   RO         3453    i.atk_8266_consta_check  common.o
    0x08002848   0x00000070   Code   RO         3455    i.atk_8266_quit_trans  common.o
    0x080028b8   0x00000074   Code   RO         3456    i.atk_8266_send_cmd  common.o
    0x0800292c   0x00000178   Code   RO         3458    i.atk_8266_test     common.o
    0x08002aa4   0x000002d8   Code   RO         3517    i.atk_8266_wifista_test  wifista.o
    0x08002d7c   0x00000044   Code   RO         3188    i.delay_init        delay.o
    0x08002dc0   0x0000004c   Code   RO         3189    i.delay_ms          delay.o
    0x08002e0c   0x0000001c   Code   RO         3250    i.fputc             usart.o
    0x08002e28   0x00000054   Code   RO         3289    i.main              main.o
    0x08002e7c   0x00000048   Code   RO         3540    i.mem_free          malloc.o
    0x08002ec4   0x0000002c   Code   RO         3541    i.mem_init          malloc.o
    0x08002ef0   0x00000078   Code   RO         3542    i.mem_malloc        malloc.o
    0x08002f68   0x00000030   Code   RO         3543    i.mem_perused       malloc.o
    0x08002f98   0x0000001c   Code   RO         3544    i.myfree            malloc.o
    0x08002fb4   0x00000020   Code   RO         3545    i.mymalloc          malloc.o
    0x08002fd4   0x00000014   Code   RO         3547    i.mymemset          malloc.o
    0x08002fe8   0x00000040   Code   RO          157    i.u2_printf         usart2.o
    0x08003028   0x000000a0   Code   RO         3251    i.uart_init         usart.o
    0x080030c8   0x0000002c   Code   RO         3799    locale$$code        c_w.l(lc_numeric_c.o)
    0x080030f4   0x0000002c   Code   RO         3820    locale$$code        c_w.l(lc_ctype_c.o)
    0x08003120   0x00000004   Code   RO         3731    x$fpl$printf1       fz_ws.l(printf1.o)
    0x08003124   0x00000000   Code   RO         3811    x$fpl$usenofp       fz_ws.l(usenofp.o)
    0x08003124   0x00000010   Data   RO         3518    .constdata          wifista.o
    0x08003134   0x00000011   Data   RO         3646    .constdata          c_w.l(__printf_flags_ss_wp.o)
    0x08003145   0x00000003   PAD
    0x08003148   0x00000008   Data   RO         3679    .constdata          c_w.l(_printf_wctomb.o)
    0x08003150   0x00000028   Data   RO         3708    .constdata          c_w.l(_printf_hex_int_ll_ptr.o)
    0x08003178   0x00000094   Data   RO         3774    .constdata          c_w.l(bigflt0.o)
    0x0800320c   0x000000aa   Data   RO         3459    .conststring        common.o
    0x080032b6   0x00000002   PAD
    0x080032b8   0x00000020   Data   RO         3941    Region$$Table       anon$$obj.o
    0x080032d8   0x0000001c   Data   RO         3798    locale$$data        c_w.l(lc_numeric_c.o)
    0x080032f4   0x00000110   Data   RO         3819    locale$$data        c_w.l(lc_ctype_c.o)


    Execution Region RW_IRAM1 (Base: 0x20000000, Size: 0x0000a480, Max: 0x0000c000, ABSOLUTE)

    Base Addr    Size         Type   Attr      Idx    E Section Name        Object

    0x20000000   0x00000001   Data   RW           26    .data               key.o
    0x20000001   0x00000001   PAD
    0x20000002   0x00000002   Data   RW          159    .data               usart2.o
    0x20000004   0x00000014   Data   RW         1818    .data               stm32f10x_rcc.o
    0x20000018   0x00000004   Data   RW         3191    .data               delay.o
    0x2000001c   0x00000006   Data   RW         3253    .data               usart.o
    0x20000022   0x00000002   PAD
    0x20000024   0x00000014   Data   RW         3420    .data               system_stm32f10x.o
    0x20000038   0x00000048   Data   RW         3460    .data               common.o
    0x20000080   0x00000001   Data   RW         3519    .data               wifista.o
    0x20000081   0x00000003   PAD
    0x20000084   0x00000014   Data   RW         3551    .data               malloc.o
    0x20000098   0x00000800   Zero   RW          158    .bss                usart2.o
    0x20000898   0x000000c8   Zero   RW         3252    .bss                usart.o
    0x20000960   0x000094c0   Zero   RW         3549    .bss                malloc.o
    0x20009e20   0x00000060   Zero   RW         3815    .bss                c_w.l(libspace.o)
    0x20009e80   0x00000200   Zero   RW           18    HEAP                startup_stm32f10x_hd.o
    0x2000a080   0x00000400   Zero   RW           17    STACK               startup_stm32f10x_hd.o


==============================================================================

Image component sizes


      Code (inc. data)   RO Data    RW Data    ZI Data      Debug   Object Name

       784        292        170         72          0       4143   common.o
         0          0          0          0          0       4544   core_cm3.o
       144         22          0          4          0       1056   delay.o
       264         28          0          1          0     258942   key.o
        80          8          0          0          0        455   led.o
        84         28          0          0          0        435   main.o
       364         30          0         20      38080       4930   malloc.o
       172         22          0          0          0       1873   misc.o
        64         26        304          0       1536        760   startup_stm32f10x_hd.o
       428          8          0          0          0       4260   stm32f10x_dma.o
       444          6          0          0          0       3705   stm32f10x_gpio.o
        26          0          0          0          0       3458   stm32f10x_it.o
       372         50          0         20          0       5788   stm32f10x_rcc.o
       250         42          0          0          0       3763   stm32f10x_tim.o
       582         28          0          0          0       5788   stm32f10x_usart.o
       328         28          0         20          0       1941   system_stm32f10x.o
       330         26          0          6        200       3864   usart.o
       672         66          0          2       2048       5615   usart2.o
       728        270         16          1          0       1397   wifista.o

    ----------------------------------------------------------------------
      6136        980        524        152      41864     316717   Object Totals
         0          0         32          0          0          0   (incl. Generated)
        20          0          2          6          0          0   (incl. Padding)

    ----------------------------------------------------------------------

      Code (inc. data)   RO Data    RW Data    ZI Data      Debug   Library Member Name

        24          4          0          0          0         84   __2printf.o
        44          6          0          0          0         84   __2sprintf.o
         8          0          0          0          0         68   __main.o
       392          4         17          0          0         92   __printf_flags_ss_wp.o
        14          0          0          0          0         68   __printf_wp.o
         0          0          0          0          0          0   __rtentry.o
        12          0          0          0          0          0   __rtentry2.o
         6          0          0          0          0          0   __rtentry4.o
        52          8          0          0          0          0   __scatter.o
        26          0          0          0          0          0   __scatter_copy.o
        28          0          0          0          0          0   __scatter_zi.o
         6          0          0          0          0          0   _printf_a.o
         6          0          0          0          0          0   _printf_c.o
        44          0          0          0          0        108   _printf_char.o
        48          6          0          0          0         96   _printf_char_common.o
        36          4          0          0          0         80   _printf_char_file.o
        40          0          0          0          0         68   _printf_charcount.o
         6          0          0          0          0          0   _printf_d.o
       120         16          0          0          0         92   _printf_dec.o
         6          0          0          0          0          0   _printf_e.o
         6          0          0          0          0          0   _printf_f.o
      1050          0          0          0          0        216   _printf_fp_dec.o
       128         16          0          0          0         84   _printf_fp_infnan.o
         6          0          0          0          0          0   _printf_g.o
       148          4         40          0          0        160   _printf_hex_int_ll_ptr.o
         6          0          0          0          0          0   _printf_i.o
       178          0          0          0          0         88   _printf_intcommon.o
        10          0          0          0          0          0   _printf_l.o
         6          0          0          0          0          0   _printf_lc.o
        10          0          0          0          0          0   _printf_ll.o
         6          0          0          0          0          0   _printf_lld.o
         6          0          0          0          0          0   _printf_lli.o
         6          0          0          0          0          0   _printf_llo.o
         6          0          0          0          0          0   _printf_llu.o
         6          0          0          0          0          0   _printf_llx.o
       124         16          0          0          0         92   _printf_longlong_dec.o
         6          0          0          0          0          0   _printf_ls.o
         6          0          0          0          0          0   _printf_n.o
         6          0          0          0          0          0   _printf_o.o
       112          8          0          0          0        124   _printf_oct_int_ll.o
         6          0          0          0          0          0   _printf_p.o
        78          0          0          0          0        108   _printf_pad.o
         0          0          0          0          0          0   _printf_percent.o
         4          0          0          0          0          0   _printf_percent_end.o
         6          0          0          0          0          0   _printf_s.o
        82          0          0          0          0         80   _printf_str.o
        36          0          0          0          0         84   _printf_truncate.o
         6          0          0          0          0          0   _printf_u.o
        44          0          0          0          0        108   _printf_wchar.o
       188          6          8          0          0         92   _printf_wctomb.o
         6          0          0          0          0          0   _printf_x.o
        10          0          0          0          0         68   _sputc.o
        64          0          0          0          0         92   _wcrtomb.o
       220          4        148          0          0         96   bigflt0.o
      1910        128          0          0          0        672   btod.o
        36          4          0          0          0         76   c89vsprintf.o
        12          0          0          0          0         72   exit.o
         8          0          0          0          0         68   ferror.o
         6          0          0          0          0        152   heapauxi.o
        44         10        272          0          0         76   lc_ctype_c.o
        44         10         28          0          0         76   lc_numeric_c.o
         2          0          0          0          0          0   libinit.o
        30          0          0          0          0          0   libinit2.o
         2          0          0          0          0          0   libshutdown.o
         2          0          0          0          0          0   libshutdown2.o
         8          4          0          0         96         68   libspace.o
       138          0          0          0          0         80   lludiv10.o
        16          4          0          0          0         76   rt_ctype_table.o
         8          4          0          0          0         68   rt_locale_intlibspace.o
         2          0          0          0          0          0   rtexit.o
        10          0          0          0          0          0   rtexit2.o
       128          0          0          0          0         68   strcmpv7m.o
        62          0          0          0          0         76   strlen.o
        36          0          0          0          0         80   strstr.o
        74          0          0          0          0         80   sys_stackheap_outer.o
         2          0          0          0          0         68   use_no_semi.o
         2          0          0          0          0         68   use_no_semi_2.o
         4          0          0          0          0         68   printf1.o
         0          0          0          0          0          0   usenofp.o
        40          0          0          0          0         68   fpclassify.o

    ----------------------------------------------------------------------
      6140        266        516          0         96       4392   Library Totals
        14          0          3          0          0          0   (incl. Padding)

    ----------------------------------------------------------------------

      Code (inc. data)   RO Data    RW Data    ZI Data      Debug   Library Name

      6082        266        513          0         96       4256   c_w.l
         4          0          0          0          0         68   fz_ws.l
        40          0          0          0          0         68   m_ws.l

    ----------------------------------------------------------------------
      6140        266        516          0         96       4392   Library Totals

    ----------------------------------------------------------------------

==============================================================================


      Code (inc. data)   RO Data    RW Data    ZI Data      Debug   

     12276       1246       1040        152      41960     314969   Grand Totals
     12276       1246       1040        152      41960     314969   ELF Image Totals
     12276       1246       1040        152          0          0   ROM Totals

==============================================================================

    Total RO  Size (Code + RO Data)                13316 (  13.00kB)
    Total RW  Size (RW Data + ZI Data)             42112 (  41.13kB)
    Total ROM Size (Code + RO Data + RW Data)      13468 (  13.15kB)

==============================================================================

